7 7
7 4 1 1 4 9 0
3 7 5 4 9 4 6
5 0 9 5 5 0 4
5 9 7 8 8 2 4
9 5 4 2 7 0 3
5 9 4 5 5 4 3
1 2 9 7 6 9 8