8 6
0 9 0 7 5 0
7 1 1 8 7 3
4 2 4 0 1 8
1 8 5 3 8 4
8 0 8 4 2 1
0 7 7 9 2 1
2 1 4 3 2 5
3 2 7 2 6 4