3 8
6 2 3 1 6 0 8 8
5 3 6 5 7 2 5 3
1 0 7 2 3 5 8 2