9 7
3 6 6 8 3 9 7
0 0 9 5 0 9 1
9 7 5 4 0 7 1
5 8 2 4 6 9 8
2 4 2 3 0 5 3
7 9 3 3 0 5 5
5 7 1 7 4 0 0
0 8 2 0 1 5 6
9 4 8 5 2 2 1