6 8
3 5 8 6 5 6 5 6
3 6 0 2 0 1 5 3
1 6 9 8 2 5 5 0
9 9 1 5 1 2 3 7
4 4 3 2 3 8 6 0
9 0 6 9 0 8 5 7
