5 8
5 5 2 0 3 9 4 0
6 6 9 0 0 1 1 7
9 7 4 4 4 1 4 5
1 5 2 2 6 4 9 8
4 6 0 0 3 3 4 0
