6 8
1 1 3 6 1 7 9 2
8 2 1 1 2 5 3 6
3 8 0 9 4 2 0 4
6 1 3 9 2 5 5 7
0 9 8 1 2 3 1 4
0 2 2 1 5 7 5 5
