10 10
7 4 3 3 4 6 1 9 7 8
7 4 2 9 1 0 7 9 7 8
7 3 0 1 2 8 4 6 0 3
2 7 9 9 1 9 5 5 4 0
5 7 1 0 2 1 0 0 8 9
9 8 1 2 2 1 1 4 0 4
6 7 6 9 2 9 0 5 3 8
3 6 1 2 1 9 6 7 1 5
0 4 5 6 5 4 7 1 3 3
0 1 2 3 2 1 2 5 5 3
