AB
None
None
B
None
B
B
None
None
B
AC
None
None
None