B
None
B
None
None
None
None
AC
None
None
None
A
None
AB