None
B
AC
None
AC
B
A
None
None
None
None
None
None
A
None