None
None
AC
A
None
None
AC
None
None
A
None
None
None
None
None
AC
None
A
A
None