None
A
BC
B
ABC
None
B
C
None
AC
None
None
None
C
B
None
None
None
None