None
B
C
A
None
None
None
None
ABC
None
None
BC
None
A
None
A
None
None
None
B
C
AC
C
None
AC
C
AC
None
None