None
None
B
ABC
None
None
None
None
B
None
None
AB
AB
C
None
C
BC
None
None
None
B