ABDCCFAEBCECBC
EAEFBCFCADAAEFACC
FF
DEFBCFCCEAACDEDCE
DEFDADEDAE
ABFCADEDBEDFBE
AECEDFEAFFBDDDBFEC
CA
CCDEEACEACCEAEDCCF
BDCABCEBC