BEB
AFDEFFBFCBCAAFBC
DBDE
FBFECCECDAEB
ADFBCDBCDECAACEDFEFB
F
CDBAC
CABAFAAAFDBCAE
EBAAEBAD
DAFAABEEBBB
CACBDAACBE
AFBFB
EDEDF
CE
CA
DFDBFC
CAEAFDBAAFAEBD
ECBADDCECF