EBADCBBAABFABEAFCDEC
E
C
BADAAFAEADCDEA
BEDFCEDBCEF
AEDCDACFBBE
AAEFEAEACADCFCBCDFA
AFACFBAEBFF
AADAAEAA
DEDCCBEEBB
CEDEBDFBDCEEFDB
ABEBFEAEAEEDDE
D
FE
DACAEFCBCEBDEDBBBAB