B
CDDBDEFDADAFD
AEBEE
DBBBFFEACEAFCDDEAEA
FFDDFDFBCEDD
E
DBCDABEAFDCFCFCAECDE
FEBFADBACBCEEBEECCEB
AECDDBFBCBEE
CBABEBCF
FBCBCEACAABA
CBCDDCD
EBBBDDABA
ABFECDBFEADD
ACBDC
FEEDFCADEBEEFBD
DEBC
DFCBDBBCCC