EAFEBFFECCADDEBCCBBBDEFEBDDECDDCBBCFBBCADCDCBFCDFEFCAEEEEACEAEEEFADFBCACEEDFCEAFAFEEEEFABACFADFFFBEDDEAAAEBAEBFBFFCBDBABFCBDDDDCEBEFCBEBFBDCDEDBCBECDFBBECFFECBAFCEFEBACEBBDDCBCCABBBBCFBCFACAFFECBBBAEBAABFFFBBCCCBCFDCAAAEBDEEBECCEBCAFBCCEAFEBACDBFEBCFDEEECDCAEEABBACADAEAEBAECFFCBFDADDFBAFFBFDCABCEEBDBDECABEEBEFCAACACDDFCBEFFCFCBDAEBEDBBCBFDEEBFEAE
BEBDBDDBBDACCCBFFBDCFEEDEDFBDFBEDFCDFAABAEAFBCABEFECEAEAAFDBABEBBAEFBCFBBEADADAACFCEAEAEEFDFDDCFDDABECAEBBBFCCEDAF
EBEFBAFDFDBACDBFCBCABADCEAEFDCFCDCABFDDDCCEBDFDEFBFADBEDA
BEDBCFEFEAAEADBFADDBCBCDFADEFACDCBDDBADDCADBEEBDADBCECFACBAFABBACEFCCFADCCDCFDFADDFBDFBECCBFEAEEDFECAFDEFEDAAECDCAFFEBDCFBCFDEBABAAAADEEACBFABDFBEFACCFECEFBACDBEFEEFFAEDFCBBACDEFAAFEEBCBFDEBFAFFFDDBCFBBAEAABBFFEBDCFDDCAEBFDFBDDAADDDADADBFEDFEBDABFFCACCADCFDCFCFFEDDEAFFFDFBEEBDBBDFBBACCAADFFFBACAACDBBFCDEEBEECABADCFFADCCDCEECBAAFABFEFCFAECEDFFABEFEDAEBDACFFECACAEAAFFADEBCADCCCDDEABDFFDAAEAAEECCBCDDFBDCAABDFACEBADFBCDBCFEEDFDCBDAFEEEABDDCCEFCBFACEFBCFBECADBFBEEAEDEFADAACABDBEFEDDEBBDDDEDABEDABABBDCFAEAEEDEEABAFADDEDBCCFFADFEBBCFDCAEAFEEDDAECDFDACFECBECDDBCBDFDCBECAFAEFFEEAFDA
FCAEDCEBDCEBDDAFECABBCFBDAAEEBDDFFECCEFDCEAFBBBAAFDFEACBFACBAFCABFEFCEEEADCCCEBDADEABDFDFEFAFDDFCDFFCDFEDEBBECDAAADECDAAAFDCDDDBBFCDFCDBABBDABEDFBFCDEABFEEBDFFFBCEBDCFAAFFCDDEAEBDCEAAFAFAAAEFAFCFDDABDCBECBBDCBBCCCBFDACBDCEDCCCBFFCEEAADEDDBDEAECCCBECCFBAEFACEBACACFDAEFCEDBEAFBBCFBFCDFFBCEAFBFCDEEABEDEFCEEEDDBFFFBBECEACACECFADEECFCBDCFFDDFDBFDDABBDCAFACFABCEBBCCEFCBDCEFBECFCFBDCCBDABDACFFDABFFCDBCFDBABBAAEDFBCFEEDDEFCFDAABDFBECBAFDBDABEAFAEEFBBDDCDEFEAFCAECACBAAEDBBCDDCFEAABBFFAAEFDEBCEFBDCEEECFDAFACDAFBFECBBCEADBFAADEDFADCEEEABAFBDADBCBCDBAFDBCECDDEDBCDBEEAACFCFBDAFABCBDCAADABCBAEADBEACEEEFDFBADCBABDEBAAFFDCACBBCACECFFFDCDCFAAFDCEEACDCDEBABFFBCFBEABEEFBACECAACFACBDAFEDDACFBFADEBFBFDEEACFDDFCDCEAEDDEABDDBCCCADCCEEFCFDDBCCFAFCCBEBEFCECFBECFDBBBBFDBEECFBFBABACFECADFBEBAFCCABBADFFFDDBBAFACBAAFCCAEBFEEABEBACAECEAEEACFDE
DABFCAAFBFDEFDEABABDEEAAEFBFCECDBFCCCAECAFDCFDDFBDEEDEEAFFDEDCCDEBCCDBADEFAABEBFFFABADEEDBBDEFDAAAEDCDEEFBDDFABCFDBBFFCAEEEBECBEDBAABDECEEDCEEAFDAEDCBEDEDDFFAFDDFDFFBCBFEDBACFEECFEDFCBDBDBFEACEBBCCACDCBAAEBDCEDBECECBBFDBFBFFBFABDADFDFBAADECABCEDDDBADCAABABBBFADFDCBFEFCCAEDEFAEDDAFAACAEBEBEEBDDDECBBDCCA
EFCBCEDACFEEBEAACCFEBEBEBCFBFFCDECECAFADCECFCDDCDAFBABBBFBBCBAFAAACEEDEFFFCCEFCBFBBFCAEDEEACAECECEDDEDADFEEFECEBBDFDFEBEFAFCCBFDCAEBEDCCCADFCBEDCECBDBFFAEDBFADFFFFCADCAEDBCCCEEEBFFBFDADDEACDBDCBFAAEEAEDBFCFFCCFFCDDCDDFFECCCEFBAAABEDEBCACCFBEFEECBABEFADABDDACBCEBDCBABEEBFEDBAAEAEBCAFABCFDEDEEABFFDFBFDEDCFCFDCDACFDFDBAFAEFECBBCBDDBBAAFFDFEBCBEEBFBBAECDBEBFFBDCEEFCCDCFDDDBBEDFAACECECCCDDCEEFDFCDDFEAFDADCBCDADFDBCBDECFAED
EADEDEBCBFECBBFAFBFCBDADACACEBEDECBAADEEACFFADFFBBFCFDBACCEDDCAEFDDAFBDEFBDCBDFDFDFDAFFCEEDEFEAFDBDCBEAEDAEBCABCFACBCAFAFFDAFFACEFDCDFBECDDAACDCEFCFF
ABDFEBABEEAEDBFDADBAADABFCEDABBEAFECEEEDEDEECEFDCABCEBEEECBFEBBDDFEDAADDCDFEBFFEEAFBDDAEEFFCDFDCCFEEEAAFABACCFACBCCCFCEEFBAFABBDBDDABEFDEEEDCCACFDFDDBFEFEBDBEAFFACEDADBBECDDADBDBFABBCEBBFFFDBDAFBADDDCECDFBEACEEDEAECDCAEBBCAEAADBBAACBFCACDBBCFBFAEBBBDEFFEBBEBAADDBCAEECCECDAABDEFEBFBACFCBBBFEACABBFFCAEBEFBDBCDBDADBBDFEFBBAEFBDBBABEFABEFECBAAABDDAEBBAEDDECFFCEECFBEBBFEBEBCFAEDCDFBCDDCBCAEFBEECEAADBCBCDBBABBFDAAAABDCCADDBADFACECFBCCEDBCBCBBECFEEEDCFFDEDABDACBAAACDABEFEDCFFADEAAEEFEEFBAFCDCBFFBBDEDBBCCDBAFBBFECBCEFCEFFBFFEAFAFCEDCCDECDAAEABBFFABEDCEAFEECCAEAFEDFFFCCCEABBCBABEFDDADFCCAFDFAAADDAACCFAFCAFBCEABEFCEDCFAEBAEAFEBCBDBFDFEFBDFDFDEEADFCDCAEDCFBFCCAFAACCEDDEFFBCFEAEBAFDCDDFFEECCACEDFBACBAECDAEAFBCCAFDEBEDCACEEEEFBDCADDFABEFBEDCEEBFFBADDDEFDDDADACDBFBDDECCDDEEABDDCDCDDCFAEAEAECDADEEADACFFAEAEFEEFCCDDFEBEBEEBDBEDCBEFAEFFEBDDFEDFBBCFBABCDFAABEFB
AFCCCAEBEADFFCEEAFCCEBDCCBDDBBBBAACBFBCAFBFBFFEABACCFBDDBCBFFCFCFBBADDBCCEDEACAFFEFFBEFFACBFABEAFCEDCAFEEFEDEBCBEACDDCFDAFCACAFEFEDDFBBAEEDDAFDCFBAAADBEAAEFBCACDADFABDEDEAABECAACCADBFFAADADFCCEEBFCEECBEDAEAFEAAFFBACBBBEFEFDBFAEDBCCDFEDDDBEECCDBFCBAACEDFCCEBBAFDAFDCFCEFCBDBECEACFBDBDFBFBDBBFFFDCEBAFDBCEFAEFFFFDCBEFEBEFBDAFBCAADAFEFFBABBEDBFADACDEEAFBCACCEBADFCAAEFBADDEFBBFBCBFFCABACCFFAADABEFBADDCADABDCABDBEBABEACBFFFEDBFBDADFAFDEFBFEDFAEDEFCBACCDCBBAAEABDFADDBECFACFBEEACBCFECCBECCEEAEAAFEDFEDCDFBBBACFCDEEFAAFEAADCECBACBFCBAFFEAAFEDDFEBCDEADDCBBEEFEFBFCFDADECCDFECFEDCAFBDACAECBABDDDEBCCCEBCEEDCABECFBBFFBECDFBEBCAEAAFDABAAECDDDCBCDEBFEDCECBAAADDAFADECDEBBECDCCDDFFFDFDDFACCEBECCADCAEEDBDABEAFDBFCDEEECBDDABAACCCFBABABECBDDACDACBAFFABDCBEEBDFFEDFBBACDDDCFEEFBAEFA
ABDFAAFCEBEAEABCCFBFDBDFAFCBAECEFEAECAEFCBCECECDCAFBCACFDBABAABFFAEAAAEABACCCEDDDDDFFBFEDDFDFDEFFBADFCCFFCDFCAEFCFCEDECDCADEFBBBCCBEDAFEECADBBACDEEAEEDBCAFADFFFBACAF
DEDFCFFEBEABEDADFACDFFAAADDFFECAABBAEBDADAEDEBCDAFABDCBEAAECDEEDCDFBFDCBEFFFCADFABCDDBFDCEBBCDADECDFCCCADDCFADFDDEEFABFCAAEBDBDCEBFEFBEAFCBEACECFDCFACFAFEDFDBFFDCEEEFBAAEBAFCACAAABDFAFCEADBAF
FFEAEAEFFAABEBFCCEEFBBFEFDAFBFBFDDFEAFCEEDBEBBFFAFECBAFAAABBCFDDEFDDDDAFFCAEBFABCBECFBDCDDDDD
BFBCDEBEBAEBADEBFDBADADADACCACFBDAADACCBEFFEEBEFCCFBADDFDEBDDBCACEBEBBAECADBDDEDDDAEBBEFCCFBDCDCFCAABEAFADBEDEBECDFFACBFB
CAEDBBFBABEDCEFBDCBDCCADAAFCCECDCFEFDEFADBAFEEBEAABBBDFAEDADACFDCBCDBECCBEAACCBADBDCAECAACEDDADAAECCCEDDCAFEFBBDFBCDAEFFCBDBEBEACBBCBBBAEAAABFBBDDFBBBBBCCAACDBDBDDBEFCBBEABDEAFBEADFBECECBAFFBBBDBDAFCEFAFACABADCBFCCFEDFDADFDDCAFEDCDDFCEFAFCADBCBBCEEFFEEEEDEEBCACDCADBADCFEDACDDACFEBAECCCACCDCADFEEFAFDFFDDECFAAAACFEBEEBCFACFCAEFFBEDEDFBDCEAEFAAAADEFBCBEACEDECEDEADBCDCBEDCEDEAEADCFAECBBBAEBBECCDFEECAFBFFACAFFFFDBDECCDEEABBBDFFBFAACCCBFDFBDFABDDDAEDCEADCCFAEFCEACAFCFBEEEEDCEDAACBDBFDEADBFABBEFBACCADECBFBFCCBAFCCCCEFCCEFCACDCBFBFFDEDEBEDDDBBFBBADEDAECCCFEACFEEBBACEFCCECFDAEDFFDCCCFBFCBEEEBBAFFEFABCDFFAFDDBFBCCCECCAEFAFBCAACAADCACFCAACFEFAECDABCE
EACCFFEAEFABDBDCEAADDBFCEBCDDCADABFFFACBDAACFAFCADEFBFFABFEEFDDEBAEFCFFFECFFCCAAADFCBAFAFDFFCAFBBACFDFEEBCFCDBAEBCECAFEDCEDBDDAABDBBBCBBCAACAEFACADECED
CBAEDFFDABECDEDEFCDDBCCCFCAADDCFDBFADDFEDAEEEFBCDCFEAFFDEFBBFDABFBBFDFEFFCDDAADDDFDFFFCAFEAEAEDFDFCEDCDBABABDDBEEADDDDCEFFEEDFEFFCAECACFDCEAFACEDACCEBEDFAECDADCCFCFDFCDFFFFBBAFFDCEBDCCEDEAADBEDBADAFEBBEBECFCAEDCBFEDFEAFDBBAACBBEFFBCFBCEECCBEACCDBCAACCFBFDFADBABEFBEABDBFDBCDDBBBDCCCFCEABFABBAFCDBEFCBDCDFFDADFDAACBDEBBDCCDBFBBCDFCBDEDEDAACCCCFFDDFBCEBAFFBDCAADBBAEADBEAADFFDACBDEEEFBECDCDFEEBCBDDBCAFFAFBFFAFCFFAEADABBADCCFCAFADAADEEBFFCDCDFDACACCBEFDFDDDBFDDEABEFEDFEBDEADCAAEFCCFBBDEBACBEBFCCEADEDFEAAADFEBBEAD
BAABFDEAFEDEADAFEAAABEDFFBDEDDDDDBDBCBEEDABCCAEAFBACEEDAFEEFEFFEFADDFCEEEDFBEFFADCFFDEEBCDFCAFDBEFADEABBAFCFFCBFFEBCBCAFEDBDBBBDEFFEFEFFEEACEDAFEBBAEDFFEFFDABECDBBFBBBBCECBEDADFDBBBADCDDEFEECFEABBBDFFFFDABFAEADCACCEBBAECAFECCFFCFDFFCEDAEBFDAFFFCFEBBEDEFEBFCAEDEEFFCABEBDABDADEDBAFECFFFFDDAAECBCCEAAABEBABEEFBECAEDCBACAEDAFCBFEEBDCAFEFFEAAFABABEDDDCBFCBEAEBEEFCBBADADDAFBDBBEBBCABCFCEEBBEBAEDDAFEDACBEEBFECDEDFAAACADDDAECCDABFEFDBFFFAABFFEAAAFFFFFFDADDABFAEDEABCBBBCCCDFCDDAFBBEEFBEAACBCABBBACBCDAABDECEBEDEAEEBBBDCBFDAEADEDBDEFCCBFCEBADDACDECBDFFFEACEDBDDFDDFAFCACDFE
DFEDEEEEEEEEEBDBEEAABBFCACEFAAFCEECAFBEEACCDACAFCBDFCECADDFCABECAFBABAFEDBBBAAAEBDFBEFEAAEBEFCEBCCDCDFCAEDDBCFFCEDBFCDEDFDFCADFAFFBEBEECCBDBFCFFCCDFFCDCAEECCDCADABDFADBEFDBDFADDDFCBBCDCFEBDBABDBBDDBBABFCBBBBFAFBBE
DACBDFFDADCDFCFBDACCCFEDFBFEBAEFDDEAABCCFFCACEBACDACFADBDFBEBACCDCDBCCABCAAFFEBCCBFABADDCACDAABEACFFCCCFEEBBBFEEBBDBFCCFEAFDFFFDBDCECFAEFAADAACEBFBBBDAFFDBEBDEAAACEACECDACEBFDCDCCBAAEABDDEBADEBFBCBADFAFBBFAAEFDDDFDFFEEBCCEAEEFFDCADADDDADDBDCAABCDABFEFCAFADAFDBABBFBBBFAEFBDBADEAEBFADFFEFFBFDAFDABAABADFEAADDFEDDCEFBAAFCEDBCBECADFBACAFFFFEDAFDEACEAECDFBFECFECCEAECEFCECAECCCFADEDDDDAEDABCFCFADDABBCDAFABFEFFEDFBCCECFFFCBFCFDEFBBAEBADCCEEAEDEEAEDEBEEFAEDEFEEBBDEECBAEAEFFFBECEBAFFDBFFDFCEEEDDBDDDDFAEAECADFAFAFCFDBABEFFAFCECECFBBBDBCDFFBDCCFBBDEEAACADDFDCAFCBBDFDCBCCFAFFECECAEBBDBAFEAABFFECCBAAADCDBDBECF
CBAECFEBACADEAECFDAEBFDBBEBDADDCAEEDEADBBDFFBDFBEEEBFEDFFCACECEFFDECFEAACFBEBBDACECADDFCBFBDFBBCFFCDBEEEEABCAEAAEFFCFEFFAAFCFCEFCECAACADCCAEBAFEFCDEEDAFCEEEBEDBEFDDACBFAFAEAEAFCEBEEADBCBACAFBBDADFFCCFEECDBAEEAEFADDBDDCEFDDCDEBFBBFCEAFBDAEFEDCDCDADEDFBDDBECFDEFBADECECCEACCBDDAEFBEDCEBBFCAAECBCEBFCBCBEDFEAACABDDCADBECACBABEBEDEEEBCBFDAD
DACFCBAABEBEEAACADDCCBCFCAEECCDFECECBFDFDDFBECFDFCDBDCCCDEDBBABFEAAFFDADFDECDCECCECAFAFADADFECBEEAAAFEBDBEFBCABFCCFDCBEAEAEFADDDFDBBCFEDBBFDEAADECEDCDCADBAEDFAADAFBEAEACDAEFBCEDBCDAFEDDEEDEAEDCDBADFAFFBBAFDEACFFDDFECABBDEADFFFEEECDCAEADEECCFAEBAEBEEFCBFECBBAFACCCDEEDACBBFFBEDEAFDBDDEFADEEDBBFBABFFFFDEDBCFECADBDBEBDBEBEEAAACCEFECDBAFEAECAFFEFBBACAAFDDFACCFFBBCCEAAACDECAACFFEBDFADABBEFABCBDCDFDDBABDFF
DECDFECCAAACEECDCCABADECCDFCEAFAABBAABDFFDCFAECECBEDAFEAEAABCDECDBAACDAFEDACFAFAEFCCDAECBEDFACFFFADBEAEBCAABBDBDACFFFFADAEDEBABCFBDCBDFEACBCBAEDDFAFAEDDEBDBBEDFFDEBACAECFFBBBFEDFCEAEEAFBAECFADBCCBCBEEEFCFDEBCDCBCBFDCBDACCEAADEAADCEEAEFCBACECADDABEDFDBFCDCDABFFBBCDCEECAFFBFD
BCDECACFAEEBDAAECDEFDEBAECCBADBFEECACCFBCFABFEBDECAFEADADAABDAAFDEDAAEAAEEDFEADCACBEEEDDBBDEFCFCBDEEEFADEACBBABFBCBEEDDEACEBDBFACFBBFDEEEEBCCBBBBCEADAEBFFECABABDCDCFACFACFADCCEBABBCDDEAAFACF
EDAFAEACCCBCEAEABFDFADECDDFDBCDEFADCBECEABEEEBCDAFDAEEDFFCCDFAECAECBBACDBEACBFEABCEFCDDECCCACCCACDEBCCDCADEDFCCEABEBEDDCDCEFFFFEEDEEBCECACFAEDCBBFDACFEAFDDFBCBDEEBEADAAFDEBDFFFDACCAEEBBBDBFFEEDEABFADBEFDCDCBBFACBFBEFABCFFDDCAACACDABFCDECAACDCCDCDEDDFECACAADCECEEAFAECBBFDFEBCDCBEBBBBDEEAFFAFDCEBFFECEFFECEFEDCDFCBFEABDAAEEFEFADEAEEBDFFCCFFEDDEFDABACAAFC
EAADFCDBEFCABFBAAAEFAAEAABCBCDDBBACCAABEABBBFABCACBAAEBDBFCFFEDCDDEDDBCCEDCEBCCEBB
AFCDBAFADCCACFCEFBFABCDCBBFCFAAECBDCAECCBDBCACDCAAEFBBEABFEAEAAFDAAFBAEEFEAAEDDDCFEBFECAFDDCBEFEBEDEBADFFFDCBDCDADAECEDEFAFFCDEAEFFCDABEACEDBBDCDEFAFBDBDEDFCFABFCAFEEBBADBCEDEADAEBACCEADCBAAEFEDBFBECADFBDFCECAFCBBFBAFEDCABFCEADADCBDBDCFDDCDAAECEBFEDECFDABAEFABFFFADCFECDBBBFAFDDDFDFBFEFCEAFCABFCEBFEDEDAEEECDEAAEBEEBEFBBFAACDDACAFBCCBFACCFCFFEAEDAAFECEBEDBCDBECDBEADBDBBDABCEDEEAADACDEEECDFFDCACDBFFFFAACFADCAAEFFCCDABABBEBEADBCAECBCEDCEDEDBDFAEEFFFDEEFADCFEEFFFBFAABAFFCCCEACBBDCBCEBACAFDEFFDBCBEAEEFFEFBDBFCECEDCEFFDFC
DEAACCBDAFEDCEAAEEACDFADAAFDACAFFFADADEEFAFCAABFBBAFFFBEDBEECBDFECAFEDFDBADEDCACBBDECFAEEAEDAEAECFFFDCCFEFFFFDACACEFFACADACFEFFCEFFDBFCDCDEDCFBEBECECCACEAAEECCACCBFEFDCEFDEADBDAFEEBDDBBFBFFDEAEEBDFFBEDBDBBADECEDAEFCFBABDEDDECFDECEECFCBBAEDBFDBDABDDDACFDAEDDCCFFAAEEFBACBBDDCEBBACECEAEAFADBBFAABFADAFDFDDFFABDAEDEECABDDABEFFFCAEDDFCADBFCBAFBCCADCEAFDCCECCBFBEEEFBDDFAFABDDFBAFBFFFFDFEFAABFFFCAEEDDBDEAFDFBDEBFDFDFCCFFEEDACFDFBCBCCCBFECADCEFBBBEADFCFDCFABECEFABABDDDDBEABFDCFFDABACCAEBAFDADEBBDEDAAADFDCFFCBEFAACBECDEEEEFBBCBBFFDBFCBCAAEBEBCEDFFEABDACADBACFEBBBAFDCFBDDDBEBBAFEFADBCABFABCCEEABFCFDEDCABEBAAECABCCEECDAFDDABCCDBFAADDECACCBAEDFCDEFAFAFAEBDAFABABECFEFFECDDECDEBACBFBAADCBCCBAFCECBCDCDDEBEAABEFFECBEFEBCBABFDEFEBCCDFBDDAFCCCCFBCDFCDCFDDDBDBDAAACBCAFDFBFCFFEFFEEDCDECEFCDCBFEBACBADDDDEDFCDFAEACCBFCEDDACCBCBFDAAECADBCFAEEFFDDCEFECCCABCEDCBAAEEDABEFCBBECADFDFBCAAFEFBEAAC
AFBCFBBFADEEEAFEEBACFDCFABFFEBFACEEBABBEEEDFCEFEFEBCFCDDFBCBDAADACEBCBBBAAEDCBCCAEAEDFBCDFBBBCDBAEFBDECCDCADBAFDBECBBACAFFADFEFDCEDFCAECAACDCADECEEAEDDFBBECCAD
AEBABDEEFBBBFDAAFBFBBEAFECFECECFEEEBFDAEAEBFDEDCBADCCFCAFBDBBCFADFFDBDBBFCDBCBCFDACDABAECDAFFDCDDAFCBBFDDBEDCCBCEDBDFCAACDACDDCDFEDCBFDDDEDABDACCADEBAEBEBEACFACFEDDEEDAEDFDDAAAEACECCCBCFDDFAABBABBCFEAABEDFAECFAEECDFDDEADFDCEEEFEAACDFDEFDEABDFBFEFCDEBBFCEBABBFDEEEDFFCACDCEBEEDEECCFADDDFEEECACFAAEDEACCCFCBCDDCEDEFCCBFEFADDEFDEFADDCCEDDEACCFCDFDEDBDCCFFBEEACDFDBDDECFEFCDABAFACBEFCCFCAAADFFCEACEDCEECBCDDDFCCCBDCCCCADBEFFECFCEDCACFDECFCAADFEBDDEAFBDFEEAACEAADFCFFCCCEDAADDBBDBFBAADABCADCBBAACFCBEFEBCEECFAAECEDEFFFCAFCBEDDDFBDCEAABBECEADEEDDBABEFEBDCCAFBDFCBEFBCCEFBFEDBADEFAEAEBDAEABDCBBDAEDAAEAAEFDEAFBBBBABBABFAFEFCBBCCEBBBFCBDDBBEFBACCDFBFAFDCFAFDFCABDDEBEDBCC
EBDCEFDADBFAECEDBADDDCDECBADEDFCAEFDBBDFEEBEACDBECEBBCEAFAEDDFCDCBACEDAADFFBCAFDCEBDCEEBACBFBFABACAAFDEEAEFEEAAAFCBAFCFBBDCEFABAFCDBDDAABFADDDDFAECBABCDCDCBEDAAFACECEBDEEFFFDECBAFEFEFDABBAEFCFBFADAFAFBFEAFCCBBDCFBEEBDCFBEEDADEE
ADBBACADDCADAEACBECFFCAFCCDEFECEDEDDBDCFFFBFBFECBFEDFCACEFBADBFCCADACCCDBECCBCCDBFAFCBBDBCFADDEADFEABBCEEFEDCFDDEDCEEFAEEFFFCEEDCEDDFBABAEFBDCCCDEFDACBEDFCAAFBCAFECFFABECFECCEBEDEECECFBABCFFDAFABADDBBDBDDCDAAFBACDCEBEFFCEAEAEFDADEFDBECAAADBEDABDEAAAFEAFEBFEBFBAFECEEAAFDCAADDBFDBDACAECFDEAEBBDFCCEDFBCCEBCBADABAEEACAAADFACBACCFDCAECDFFAABCDFFCABEEFCEBDABBBFFBBEFDCEBACDEAAFEEDDDEEBBAFFFCDFACAFEAFCBBAEFFFCFBBFACFAFEBEDBCFEEFCDBFCBDACEDBADCDBEBCFEACFAAABEEBFDDBCDCFAAFEEFCDACAEEFACEFFEADEEBAECDFEDEBBECFBBEBBCFABAFDBACCEBFBDDDFDCCAEECCBEEDBADECDEECFAFDDFFCFFAFBFDDACBECDFABEADDECEDFCDEEAACAEDBFBDEBBFBEEABDCEBEDFCBDFFEDACADFBBACCCCDCDEBDEAFEFBBCAECDFFDBEBEEEEFCECBDDBDDBAABEAB
BBAADBEBDEDFDDADECEAFEDCABEBFAEAAAEFBEEBABFEECBBBACABCEDFDCEEEFABFDDAEECEBBBABFAFFEDCECDFFCCFEFEFACDFDFFDECEACEEDBCBDFFECEBEABBDBBFAADDCAACDDEABBBCBEBBBDACCFFDEBBBFEDBEDADEACDCFDFEECFBBBBCBEBBFDEEEBCEACBABFFFADFDCFABACDBCBECABDABFEADDDDFCADCEDEDAFAAFDABFFCCCFFABCCDACCFDBFFAFDFAAAABDFCCDEDEDABFDFFDEECDBFADCDBEEACFBBBDFDBDDDEAEECCACEDABECEFDFACEDBDEEFDCFAEDAAAEEDBAEDCFFFCFADDCCDFFCABFCADDFEEAADFDDEEFBACCDDFEEBCEDCAAAFDFBCEBFABFEAEAACEBFAFABEACBBCBDFFCDAEFDCDCAECDBFCDCFDECBDDDBCDDFAEBDAFBBDFBADCDAEBDECCDEBABAFCBFCBBCBCBFBBDCACFBABBAAECDBCFDFDBEAADAFBCEFDBBDAEFEFFBCBFDACAFFACADFBBBEDBADBFCCDCFBDFBAEFADDDBAAFBABBDAFADCCDCBECACBAEBFFFEEEEFAAEEBEBCADDBDDBDEDFDFECCDFAAAEAEDDEFEFEFDFFEAAF
BCBDAFEAEDADCFDAFCCDBECCACBABFDAEBCEECFFFDFCAADDDFDEAEEEDDFDFDFBDFFDECAFFCDCBBCFBBAFDCDFAFECDCEBABCDFCAACBACDFDAFEFFCFDEEBEAFFADECADFBECBADEFBFBEDCCAFCCDCCFEDDBADDAFDCBAACCDEADBADCBBEBBBFFEFDFEFFABDCCBFBBAFDBCEEECCDCFDEEECBFDDEAACFEAAAEDEACACEAFBFBEBACAFFBEEDEBBECFECDFBBBBFACDBEEECDAEEDFFACFBBEADBEBBBFCFADECFCFCFECFEEBFCBFABFCDDAFABEBBAADFCEEDFCBBBBBCFCADCCCBDBBABCEFCCEBCEEEEFAFCDBDADEBCFAADAACAAABABBACDDFCDDADDAFBAAFBABBACEDDFCADBFCEADEBCDCEECFBBFCAADCFAAAFFBEBEAFFBCDBBEDEECAFBBADAFFBFEFFBECBACAACBADADCBDFCBEEADBDEDEFECDBAAEEEAAECBCDACABCCCEADDFDFBDAFFABCCADBDEDACFBFCABCCBEAFAECFEEBFDDDCAEBFEEEAADBFAEECFCCDDBACBCBDFEABAAFBBDFDDEBDCCBCEBAECAFAFADCDBBADABCBCCDCAFBFBBBFFADCAFACBBDCDBFDEFCAEEACEFAFBADBCBCDDBDCFBDCAAABACFBCBBFBBEEBDDDFCBBCEFACFDAAEEAEFCEABDCEDADEBCDFBCABDFFEACECBFBBCECFAFEFCCBDFFDBDCCBADCFFAAAFEDFCDCACEFACCDBFEFFCFECFFDADADEBBCFFDBEFDCFDFCFEBABABCCFDDAABBEDBC
EFDADDDDABFBFCBBCECADFEBEDCBDAAFDECECBBAABADEAEBEBFFCDDADFBABDDFAFACCCBEDFDCADFADEDCFFEFBABAAFEBDDEAAAFCAFBADFAECDCDCEBAFFDDDBCFCDDFECEFBAEEFEADACFCEBBEFDFDCBAAFDCCDAAAADFFEFEBAABCACCEBBAACEBBEEABEFFDBFFDAABBFBADAADADEEBCBBBCDDDBCFECCBDDCBBBDEAAADCBFFBEAFCBEACCBCAABACDBEACCFCDFEDFBCEDCFDCEDDDFAEDDCACCFADAADCDEBBDFEBCABFEEFBEEFDEDCCCCCDCFDBBEDECEEABDAFDCEBBDCEEEDABEBAFBEBFCFEFEFAEEEEAFFCCEDCDAAAEABEAACBABDAABBEDBCACDDDEEAEADBCCCC
BDFCDEFBBAADFACEBDCCEEBAFDDFFBFCCEFEFDCAEDCFBFAAAFABAFBFCAFBEFFBFEDBAFDCBBBCBEDEDFACBCDCBADFBCFFAEFBAAFCBBBDAFACFBFAFCCFFAFFACDDCBFDBAEBCCDBEDFDFEBBDDAFBDACBFBEACFDCFEEBFDFBEBDDCEADDACEABEDDBCCFBCABBEDABCBBCABEFEACEADFBFAEDDBBDECAEFDEAFFFFADDFDEBBBCBFFEBBDDFBBCFEEFAECFCACEEFEDDBCBDBBBCEBCDFAAEEEEFEFAAAEDAEFBCCEDEEABDCCEAACBCFACABAEFDFBEDFCADFFEFEFCDBAEBCEFFFEBFEBBDEECDEDDAEEBEFBCDEDCDEBDECDBDEEEEBADABAABDFFDCDDEBCCDECACAACBADBDECCDFBFBCDFAAECAAEFBBAFACDCDAFFFCAACABEFBEBFBCCFBEEEBEFCCBABACFBBFEADABDCACCCFABDAEDAEFDECDEFFEEEBBCCFEDDFECCCBABFCEBAACCAFBDECBCBBDCCFDEEFBDCEABADECCBCDDFBEAEDBEFEBBEEEEAEDDBCDFCACBAECBCDAFBFDAFABBEFAAADBCACABAFEAFBBCF
DCEBDFBFFCCECCBADBFAAFBCBFCACEFCFFABDFDFEFFCEFEFBDEEFFBDDDACAAAEDDAFCDAECACEFEEEDCAAADAFCDBBFEECEEEFCFEDDECFAECDBEDBCEBABABBDBDBAEFBDECEFFAFFDECFECAFDAAFAECAFBEABDFCCFADEDECFDBBEBFADCEFCCFABEBCCDFFEEEFEBABCCDBDEEDACAEDEBDFAABFFAFDEBADEACFEABFCFAADDCDEEBDFFECAEAAEFAADAEECDCBFAEDCEABFBDEFFCBEDCEAACDEACFCDCFDEECCFCABAACAFDDAADADAAFDFAEDEAFACDFDEEDDBEFCEBDBEEAFFFFBFDDAADCDAAEABCDBFBCACEBAFFFDDCDAEEFEBAEAAABCEFBAFBFBCFABEAFBCDEEFDDBDDBBFECDFABBECCCEEDDECFADCCDADADEEEDBAFEABAAEFCCFBDBEEEFFFDEABBFABCBBABDECAFCCFEDBFECCFFBBDCEAFDDFBECDCDCBEADDEBBBCEABFBABDEFBAFDECABEFFCDEEEBFCAACBDCBAFAEDFDDFFFDACCEBEBACCADCDBFAFFFAEBDBEEDDDCEFCEBECDCBEEDDCACABAFEECBEBBFAAFDADEFECAEEBEFBCCECBEADBAAFADEBCEFFFBFEAABEBDEABDFBCBABDAABABDECBCFFEBBDDCCFEBADCCFAFBDAAFEBDEEFCACAACDBAFFFDDFDCAAECBDCDFDECCECBACCDFECAEEAFABBFDCFCEEBCDABEDDBEBADBCCDECFCEBCBBEACCDFECEBEEBACBDCFEABADEEBCBAAAADBDCBDAFDBBBBCFEDDFFEDCECFFDCEFDCFABFACEAEDEDDAEACDCDFFBFDAFABFFAECAFBFEDBECCFCFECDCAAAACCFBCFECFDEAFBCBCABFDFDFEAA
DBDCBDDFFAEFEDBDBBBBEDBBDBBEDCCEBDDABCCACCEFBDEEFADEFACEDDBCBDFDABEDEABFDBFCCEACCAAEDBEFACABADFAEFFDEFFDCDDCFEFCDCAADEBACBFBCDEEFEDDEBACDCACCDCDEABFCADFFBFECDADDBABADDBDEDCFEBDFEBFBFFBCACCAFFFFEABEECFBEFFBAAEBECCCEAFAAEDBBACBDADFEDEEDEAEBBBEAADFEBFDEAEBCDAECCFCEDFFBEAADEBFEBECDFEAEEBECFADFBCECFCFCFBFEEEAFCFBBFFAFBCCFEDDCDBEACDDEACBADEDCDAFECAADDCEBEEFBCCCFECCBEEFDABACFBFBCCEBDACFBDEDCBDFDDDCEDBCEEBFDBABCCECBDCFDCBFADFFBCDCEBFAFCEFCBFBFEBABDCCFAEDBEDADFCEAABDCAACABEADDDCFBCBCBFEEFEABDEAEEFADDCDEBCCCBAFCDBDECAAADAFCFADCECFDEFDCCCBEFEBECABCFBEDEEDCAFDFBAEBABABFFDAFAEFBFBDEFAEABADFDABFFBABFFBADCBDBABBBFEBAEFDAFEAFABAEADEFDCBAEFFAEEFEBFBBBEFDCCEEDABCAABDCECFBDFBFDBDCBDCEEACABACFDAFEBACFABDBDECFDCBCFACAFDADADFDBDDACEBCFCECECAFDAFDAFADBEAADDEABBCBDCFACAFAFCECBDDFACCABDDBDAAAAFFADFCCCFBAFBC
ADBADABECFCADDABAFECADEDDEEAACBACEDBBBDDADBBDDCFFDEDEAADFFBDEDEDAEFADAADADBACFEEAFCEAAEBAEBBCBEEFCEBACCAFFBDAAFCCFCAEDAACFBBCCDACFEDEBCDFBEDFFAEEDBACDDBFFBCCDEDDBAACEEAAEAECDBCFDEAAADBFDEDDDEFDEFCBAACEDEFAAFCCEBBDDAEFFCFAFEABEBDDAABBBEDEFDBFAEBEAFCECADFDEBEECBFFFDFCBEDDDDBBCFFFCEDABEACEBEDDAFEACACCEFFDEFBADABBBAADBCBFCCDBBCFACFBDFBDEBFFECDCFFBABFAFDEEBEEFDCBCCDCCCFBCEACCDEFCBAACADBDDCCCEABAFDADCFAEFBCACEAABECBFFCADFCDCDFFDFEEEDDAEDDBDABFFCDEDCFEDFCECABBAFFAABDBEBBDDEADFBDECFBCDBAEEBDBABAEEFCACDABCABFACADDCBDBBAAEFDDEFEDEBDFFBFCACEEAACFFBBEABABFFABAEDBDFDFACCFCCEBAEBAFFAEDABABAEABBCFCBDBEDCDFFCBBFEAACDCDAFCEEAEBBEABDFCFCFBAFBBBBDCCAABECCBCACCAADDFEDEAABFBFBEEFCCFACFFDCCEDEEEEEEAFAEDADFFCEBAACDBACEBBCBDDBCDAEBCEBFABBBDDDCBEEADDBDDACCBABDFEDABEECCBEAAABEAAFEDFDCCBFADABCFBABDCDAEBCFDAE
FEAEAFCDDFEACDFFECEBCBEECABFFEBCFCADBFBAFBACAFECEEFDEAFBFC
BDFDCBEEBBDDCBDBDABEBFBABADAFDBEDDBFADEFBFFFDACBFBBECCDEEDFBAEACCEEBFDDCDDBAEDECCDFEBABEBBCDEEDFFADAFDFBECAACEEFEEBEBBEDBFCBFEECFAEBACEDBCAABFCACDBADCDACDADFCCCBCDEBCDEEEFEBAFEAECDDDFBECCEDBDACACAEEECFFEEDFCFBAFFACCDFECCCCDDCCDDEEBCDFBEFACDDCEEFADEFFBCEAFBFFEFBBDEFDDCECCECCDAFDCBABEEBFEBEDEDEAAAACAADCAFACDEDBACCBDFBCCFDEADDCECBCDCCBEDFFACAAAFCFEBEBCFFFFACEEDEBDACAADAAADBDEADBBFCAAADBCEAEEEFDFEFBBCEFFDDEBBCFABABAFEFFFFEBBBBEAAAAFBABCABEFDAEDAEDDBAFEFCDBDEADCDAFEAFFDAFCEFBACFBEFEDDBDACBAACEABEDDCBADCFBECFDCFBADCACBDFFCABCBAECDCFABDECCCEADFCFFEBFCCCAFBBCDEEABBDAACFEECEACBCECABAAFCDDEEBCBFBBBBADAACBFBFBBDEEEDADFBCAAADCDEECCAEFFDEECCFEECEEECECEDCFDDFDFEDEBAECFCECECEABAEFFD
AFDAFFABDBDBDBDFFCDECFBDCFABAEAAAAEAFDACDBDBFBBEDDADBAFEAEEFDDCEAACEFFCCBFCBFFCFCEEAEBDBFBCEFEFBAAAECFDFBAFBFABABBACAFCCABDEECBDADEFECACDFEBBACEFABCDEEFEEFBCEBECABADFDBABAFBCBDCEEFCCCAEABFCBCBCDBBBDA
CAABAEEBAFFEBFBDBECCCBFCCBAEBDBABDBABCFCCFABEBCFAEAFDCDCEEEDBCCCDCEEEDDFBEEFFCACAFCDAFAADCFCABADCDAEEBDADCDDCCBBCCDADBDDEDFCAEADACCDFCDEADADDBDDAFBFEBDABEDCADAEDACCCDDEFEBFCCECBDDDADEBCCEABCFECEDBABEFDEBFFEDDBDBEDAACCBBFBAAEEEFAEEBECEEEFBDABCCFAEBBCEEBABECCFDCFDFFEEADEBEFABDFCACBFAEBBCAACBEEADFECFECEDCDFEFACBCABBBFCFBAABDDEECDCCFCEBBFFEABCFBEDCCBBDDFEBAACEEDFEABCFEADDECBFAFDAAAEDEBBABEDDECEAEDCFDCCBACACCFBFCBDDBCFCFAADCDEAFDFDCBEECDAABEEAECCBEDFCDBFCBDBDDEAEDDFFADDFBAFDFBEEBCEEFBFEEBCAFFADECCEADCDDDCDCDEBBFAFEBFFDCCFFEDECBADFEDFBCFDEAEDBBBBFBECDFCBCDCEEADCFFDFFBEBDFBFECFCCFDACCFBDCEDBEDBDBEAADDCADDEBAADADACBDDBBBFACBCFDFBFCCFBCADCAADAECEADDECAFEDFADDADDCFAFAABFCBECECEDBCCFADACDDDEBEABDBECCAEEDFECAFDFDBABDCFFEFAEDCEBFDCDCAEEBCFEBCFDEAEDDEAEEEDCCADC
ACFADFABEBAFCEADCEBAADFADCFFFFCCBBEADBEACFFEFCEBFDBCDFEDCADBEBDFBBDBAEADCEFDFFBDBAFCDEBEEAEECDCCABDCEAABFEEABFCC
AFEEAAADCABCEACCAAADFECADFEBFDAFEAABBBADAEEADDFAFE
AEDEECEEFEDBBDFBEDADCDCDCDFADADFDAFEFEDDAFDBCFAFEBBBEFABCEBEAADCCEFCFAEFBEDDCABECCFFEFFCDBEBCCEACAFBAFABFDECEAAECAEAFDFFAEAAFBFCAADECFDEAAEAAEABCBBCABCDAAEFDFBDAEBBFEAAFFAAAAFBEADCFDCAEEAEFFDECEDCCABBADBEEDBFBBBFDCEDADDDFDEFEBCBFEFABDBCDACBBDCEABEDAAFAFADEEFECEAEBEADFDCCECEDEDCCDEABFCDECFFEDDBBAAACDFADDDCCBEDFBDCEFBBAECAFECAAAECBCAEBCFFCFECAFCDCECCBEFFCFBEBBBCCADAAABDCBCDBAFDDBACEECCD
BCBBEDCAFCDAEACFDDBBDAFBBAEEEDCECBCFEBDEAEACCEECAEDBDFCBBACFABABAEAFEFDDCBFBAEDDFFDAFCCEDEAFEADDCAAAFFDADFEDACFDEAFDAECFADDBACACAAEBDDCBECDDCDEECEECEEBBBFBFECDBEACEEAAAEFFFEFEEFCDEEFAACFDDCBCFCACBCFADFDEABDEBFACBEBEBCBBACADCCCDCBAFBFEFDDCCBFDEDCCEBFADABEDCEFBECCBCEDCBCDEDDCACDBEFBFACECCEADAEDDECFEFCEDBDAFFBFFBDCEBCABCBBCDACFAEBAECDAEACEBBBBDBBDBABCFCBDABBBCABACACAFAAEFBDDFDDEBDBEDAEBCCDFCCDACEDFEECFAAAFAAABFADCEDCAEACACBDFCCDFAFAACACBCAECCCADEAEABBACFBAFADCFAAEEDBAAFDCDDDBFBAADECEECBDECBFCDAACFDAADCCBAFBECDBABDBFEEBAEBDEEACCFDBBBEDAAEEDDDEEDBCACBDFBFEDEFEFCBEDFCFDACFCDDEFCEBDDEDEDACBBFFEEBABCBCAACABFCBCDCAACBCADBBDDAFBEDCDACDFFDDFCDDABCEBBEDACCBEAAFBEEFACCCEBADCCFAFBDEEBCA
AFAAFEEBCEFCAAFFEEBCEDEEFEFEBAEBDDDFCDCAEABEFBCFDECABABACCFCBABFBDCDFCFEAAABBFBBEBDCBEAAFCBFDEEFDFAAFABCEFCEDDEEAFDDFDECBCFCEDBCDADCFAACCBECCADDABBFBAEFCBCCCABBDCDDCDFAEBCAFCFAFFCFBFDECBBDECBAAEEFADFEDFAEEDFCCDDAAEACFEACFEBF
CAAECDDFCCFCBCBFDEEDAEAFBDADBACEAEEDFBCBDBCAFFFCCFADDEEDAABBCDDACCBBFFFDFFBDEBEEFCFBEECDDBDACBDACFABEFACEBBDAFEACFBBBBBCFCCFEFBEBDDDAADBEEFEEFCEABFCCEAAFAADEFEDCEBBBDBFDEDCDDFEAADBFBFBCCDEFEFEDEFBDDDFADECAFBBEFCBDECAEEBDCBBADAFDCCAFAFACFFBDFACFDAEBEDBBCAEABABCCADBAEFABDBADEEDEACEACACFDBDABFDDFAADDFEDFBBFFADCADDEBBEDEFDBADDDAEFFAECFEADBDBEDDEBEBDACBEEECBBABFECEBCBCFAEFADDACADDBCBAFDCAFFACEFFBACDDFABAEBECDCDFDFCAEBBCEABBAECFEEBACFFAFBCDCEEBFADDBDBCDBAFBBAEBCCFBBDCCECDBABBDACBEAAAEFDADCDFAAFDECCAFDDCBADEDBEFFFCEEDACEEFFFAABBBFBBDDADDDCDBDAECFDFECCDBFEECEBFEEDEAAFAAACBADABFBBBCCFACBFFEFBBFFEFCDBCAEDFEDFFBFBAFCEFDEFAEAFCCABEBEBBCCFEDFCDABCFBFFFCEADDAACBFCACAECDCFFAABBAFBDBBCEEDEEEFEBBEDCFECFDFBBAFEFDEEDDABEFDACCFEDBBCADEEDCBEEFCECBCEBBCCDFCBBFAACABAFEDFDBACBADEBDBBBFFCAAEEBAEFAFABBFEADABEDABDBCACABBCDFCECBCFAAAEDABCEBAFDBEADEEFAEEFBCBDBEBCCDAFCFBCFEBFFABBDFFCADAABEBAEDFEBFADAFEFBCEAEFEBFFBFCBFFFCEBFACDAFDABCFDDBAEDBAAFDDFAFFAEFDBCECACCFDBCFDEADAEEFFDBBBDDFB
EBAAECFCEAFDCDBDFECBABBAEEADCDDCACDCFDACDCCABFCDDDDCDAFDFADBBEECBCFFDCAAAAEECBCCCFBCCCCFFAEFFBABCBEABADBBFBCFFBCEFAAEAFBAFFBAEC
CCEFFCFACECAAECAFEEBBDCEFBEABDCCDBDEFBDBEBAAAAAFDEDCBCFFBBFDFAACEBAADDAADBFCCCBCAAFEEBEDBEBDACCEBCABDFAFEDAADCAFBCBDFDBEBADBCEDCBDCACBDCAAAEDCBADDDCEBEEABFFFBDFAACFEBFDBFAFFABDDAFAEFDEBBABDBBABBDCFECFAEDFCFCCEEEBEFBCA
EDBAACBBFAEAFCFCDFFFBCEDEEEDCFAEBBFBBBFEAFCDDEDFFACFDABBBBECDEDDBDFACCEFBAFCAACFFFCDBCADEDBEDBDBFBFECBBCFFDCEBBBDBBADDEDADDDFCBCCCACCBFDEFBDAABAACEDCACAFEAAFEDABEEAEECFEEDFACEDEDFCFEACFDBCACCABACFDAACBCCCAFAFDFDCFFBABAAEACEADDACBFCFEFDBBBEAFBCFAEBFCDADADCBAFBCCDFDABECCBDFDFBBEECDBCFDCDEFCEFDBFBBFDDEEFEFCFCFABDCFAADCDEACBDBEAFAFDBECDAAFBBFCABDCCEEFDBCEBDBAADECCAAAABFDCDEDBEDDEEAEBAEDADEBFBDEFFBCECFBDCAECFFEFFFFFBBFECFEFCEFAEDBBBBFAFDBBBDBEAFFABBFFECEEAEADDACBCECEEFABFEDEBDCBFFDCCCDEDDEDBCFCFFFEAEEDEADADABACEAEEBACABFEAFAFDFACDDBBBFCBCAAFDDAAECCFCFBCFDCCBBFCFABBCBDBACBCFDDAFCDBFFDCDAEEFEDBBAEAACBEFACDFCDBBDEBBCCBFFADCBCEFAFDAFDCFDCACAAADABDFDBEBFABBFBEFDBBCBCDFCBDAFFDACEBEFBBECFBCEABDECADDFFAEFFFCCAFCFEBECCEBCDAAADEECAABFBADDBAEEFFBCDAAEDEADBCEEBEEDCABCFCFCBACCADBFCDBFEDAEEEBACDEFCAFFABAAFAAABDBCABBEFFEECAACCBBDBAADCCCDCDFABCCCFEEDAAAAABCACADBAECCEFABBEFCDEBACEEB
BEFDEECFCFFCDCBFCCADCECFDBDCDACFFEFFDCBCAFDEFDDAAECACCB
DFFADBBBBEAAFACEBEFBAAAEEEACEFBFACBCCCFFAEBCAFDCEBEEEBDEBAFCAEAAFCDCBCDAFBECFCDBCBEABCCDCAECEFAEEBBECBCACAEADAEABAEFEAAAFFDDAECADEEBEADFFEAFFAFCBECAEFECFBBEEFFBFBBAECFDBFDCBDCBBACBDDDFCDAAAABCFFAEFADFEFDADECECBEFCBACFAFDDBDFBEDFFFDBFBCEAFEFADBFFCDEDCEFFFDBFAEDCCBFDCDBAFEDEDCFCEEBEEFBFFEBFBDCCACCFFFCFCDDDDDCDCAACDDCFAADDFFFEBCEABDAACEAEABEAECEDEADACDCEADBAAEEABECEBEECEECFBCFCCCAEEFAFDBFBBADCFBFECDFCEEABBCFDCBEBDCECEECAAAFCEECDFABFADCFBAFFBAECAACAEBFEECCFCFFBEAAEECCFAEFBECADFCDCEEAEADBCAADEFBACCEEECBAEACBECBFFACFDFBDDCEFBDFADDFAAFCFDDEDDFEEBDFCFAEBADFDEDDABFEFDCAEECEBCDCBAAAFCFBCEAFECDDDEBBCDFFAEDEDFACDDEBFACEFFDCEADAFBBEAFEDBCBBDEFFDCBBDFABBBDCEEBFAECAACBFFDBAACACBFFACDFDEEFCABEADFDBABDABFCACDAAFEBCFBFACAFBDDCEBBACBFFFDCECFFBEDFCDAAFAEEFEFCCFDAECCDDDBADEBCFBFACEAECBFDBAEAEDFBBECEEBBCBAEFCBBACABADAFBEFCABFACFFFFCFDCDAAACEBACDBCCBCEFFEACFFDEFBFAAFCCADACAABEFACDCDCCEAFEFFCBFBFDFFABDEDCCCBDBDEEDAAAAAEFCECEDEDBDECCBBFACDFCBBEFBEAFCDBBBDBCAFECBEAACEBCBBDFCDAABCFCDFEDCBDFFBABDFEBBDAECBAFFDB
CBFFFEFBDEECBEBABDADDAEEDFCDCBCEBAFFECBDDABFEEFFCFEFADEFEFACCAEFEBFEBAFFDFFEACDEBADFCEACBEBEABEACDCFCDEFEACBBCBCACEDEBCAFEEDEABCDFEFAADFAEFBCDDAACDBAAADBBBBCDFBDCAFDDBBFCCBABDBECEFBBBDDFECCCFAFEEFFEDABFEABEAFDABAFCACBEBABCEEBFDFBBFDDAADEBDCBCCECACCFECBCCCDDECCEDBBEFDDADEEEEACCEBCDFCEFACDEABFFEDAFFFDDFBCCFCDFDCDFDAF
ADADBCACBDCDFAFAEEFCBDADAEABCFCAAFEFEAECCFBBEAFDBAFCAFFFACDDBFDFFFDFEFFADFEBEDCEFDEDCAACFBDDDAFCBFEAFFCFECECEBEECFBFDEFAABAFDEDECCDDDAAFBDBEDFADAAEDCBCAFCCEEFDDBCCFFEBEBEEABECEDADDCFBFDBACFCFEAAFD
FCBACFDDEEBAACAFBFBDBDCFCFEEEDEFAEFFCFFDCECDFFDFBDFCEABFFACAAAEACBBBCACCBFEEFABDAFECCCEBCBFBEAEBCEEDABFACBDAACAEFDEFDAABFEACDFFACCEEABDCDCDCBFCEEACDCECCFAEBADDBEAEECEDBFCDCECFCFDBAFEABACBFCBBECCBBABCAEFBAEBFCBFADFCFDCDCBFBCFEECEAFAEEECCDBEBBFEBFDACBDBAECAAACFFDCDAFCCABBECACCDFCFCAECAEDCBCBFCDFABCBEECEABEAFCFDADDEFCDFABBFDEFCEABECABDCEDEECFDDFFBEBCEDEBDFEEAEFBEBBBAFBEEBCEDDEADDCAEBDACBCCBBDFFCFCBEBBAACDEEBDBEAAECCEEFDAAFBEADCDEFDDEBEDCCECDCABBBDDDECBABBFCDFCACFECEFFEDECDECEFFADFEEBFFADCAEDEEFEEEDECFDFBEDADEDBDDDEFCFDAAABCDDEEAACDFDBADFBAFCFACDAAFADDDCACBBABCBFAEEFDEACACECAEBBACFEEAEEADFACCECFAADDCDCCFEDABBAACCAAFFDBBAEEAFEFCDACAFADAEFDEDEBFAFCCCBEDBFADEFCCAACFBBEDECCFFDFCAFAACBFFAAEFBEEFCDFECDCBDCEEFCDBFBADADCDBFDDCCEECBDCBADFCBCCBEFFFCFACCEFDEFEAEFBAFFBEFDFBFFEDFEECADCBFBDBBDFFAEBEDADEAFDBEABAFCFCBADDBDEBEFDDDADAEABDEDBFFEFCEDBBCDBFCBCEEEEBCACFCADBFFFFCCCCFBBEDADDBAADEBBAAEADBAECAFEADADDEBABFEEEFDAECACCBEEBACFEAF
DDDFDEBDECDEFCBBAECDDFBBEDFACDEEEADDFCAACEBCABDFFBFCAAAFAFBCAAACFCFFDDACBCBABFDCFFCBBDCBAFBDEFBEDBFFAACECEAEDEDDDCBADBEAADDFBEBCCCABCBCCFBDBFCFAECCCAAABEEBDECBAAEFACABCEBCECBFBFDBAACCDADBDCEEDEBEFACECBADFFEDFDFDEDBFBCCDDCECBACEDDEFACFFEEFAFBACBAACEEDBFCFDFEAADDDBDEFBEBEFADCAFFFCCDFFEBFDAFEBCBDCEFEABBFBDCDFCCEDDEFEDACDCEDBDAAADAABFDACEDDFFFBFFBDDCEAADFFDCCACCCFBBCBECCDDBCDAFEFDFAFCDFECDCEDCBBADCFFCACADAEAFEDABEBCBEFFECEBBFBCDCBEDDECDEEBDACCEDBBECDAFFECEDDECEAABDFACBBEADFBDFABEEBCAACFFBDAAFEDEAAEECDEFDBAAFFBABFBBDCACDDDDDACFFDFBEAFFACCDABDBFEBDCDFFFECAFEADCCDCDEAFFFCCEDBEFBEEFBFEFBBBAECDACDBBFBBDADCFEDACDCBAEBCCCFBDAFAADBACBFCDBCACDFFFDCBCDCAAFBDAFFEBBBCDBDDDFAFCFEDFFDCCCECEECBFDBEDBCEBBFEFFFDEFBFADFEABCFABFFBCCDDFADECDBDEDAEADEBDCDFACABADDECFECBEBBACEABCACBFEBADCCEECBDEBDCAEDDCFCDCCCEDDEDAEBBDADCCBDBEDDFCECBBCBBFDFEABDADBDCBBCBBEAEFACFE
FBFDEACCAFAEBBECAFFDDABCDFBDDACECCFFDCFBCBFEBADFAADFDFDCFFFCBBBFEAABAFABBCBBADCBEACFBBACAACAEEDAFEFBEDAFBADEAFEFFFFFABCAACDFFAFDFFDECCFCACDEBDEBEBEEDBCEAABDEFABFBBABADCEAECCBDABCDCEEADFFFADFDBFECAAEEFABAFDDDADCBFEDEBFCCDBACEFFECAFFEDCEFECDDCFFCCEBFFEDABFCEDFCFDDEBCEEBBCCAADDACEBAEBCFBDCCCFA
BCDAADBBDAADEDFBACDFBDECEEDEFDADFAEDCECBCFDBEEDFCCABDEECDBFBACDDABFCFFFEDBBAFDBADADCECDADECFEAAFBECADEDAEACCABFAADABFABCFACBADDCFCFBCCEEBABBEAFCAFEAFDDDDFBAFFAEDDBBADBCAFACEDDECBDCFDDDBFEEDEDEBCAFFECAAAAEDBCFFACDADDBBBFFBBFCACCADCDCBAAEAADADEFCACFFFEADCADCDFDC
DABABFEECBCFDEFAFBCBEDFEFBAEAADCCCFDBFBBBFCECEFFBCBCCEDEDDCDAAEFFEBAEEBCEBCCCBDCDBCBBEAECCFFECCBFCECCADEFDBBBAAACAAAFEFADCFBCBFDAEFADCEFCEFBBFCFAEAACBFBCFFFECDCABFADEBABEBFDDAFACDFFBDBBFBDABFDABBFFEDEFCFDAAABAAEDFBDCEFECBCFBBEBEDBAFEACCFFCADBEABEADEFFBAACDCACFDFBFFBEFFBAFCFFACDBCFABFBDBABCBEECDFBFDDEFCFAFFCEEEDFEABBCBAFCFCCECCFBCBCECECBBCCDFFBFDFBDFBCEADAEFDCBECEDDCDDADEEABFFBDCECAAAAEEFFEBABFFDCDBDACCEEBCDFEDAFDFDEFFADAEDFBACBBFECEFAAAADBDADCEBECAFADEFFDFEFBEACEFDCEDBFABADFFBFEEFEFAABCCDCBBDDEAEFDAFFEFDDADFFFDBFBABEAEBCFACEBADCABADEBEFCFCDFFEDEBFCABBACBCFAEEAAFDAADDEDBBDDBCDFCBCCFCDDABECFECDECACBDCBDFEFFBFEBBBFFEAAEDAEFEAAEBBAAEECBCACCABDADECCBDACCCCBFFAADDFFEAFEABEBBFFEBDAACCCCBBDAFCFCAAAFBDEBCFBACFDFBBDAAFBBBBDEBAEDCABEEE
BDAEBFCAEFCAAADFDCFFFDEFDBBCBABAEEDBBEACCACCDFCAFDFDCFAFFFCEFDFCBCAEBFAEFDBEEECCFAFFFFCDADDEEECAFBCFCBAFFCCDBBAFEDDFDEDCAAFFDEFECAAADDAABACAADBFDECFFCACDAFDFACECDFADBAABAECBEDAADAACADDADBBCFCCDCDFCBABCDDEFABBADEFFAEABCBDDFDBCEECDABEBDFBFAAACBAEAFECEBEBCDBBFFDCFCFAAACFABABCEECABAFAECFBFFDCBFBBCDABECBFDDAACAEBBBECBACBEBAEAAAAFFEFBBDABDCECABEDBEEBCBCECDBFFAECEFAFECFEBCAABBEFCACEEFFDECDEDEABDCCCDEEDDDDFBCCBBEEDCEBFDBCFECAACCBCEADABECAEFFFCEFDABFAFDEEAFEEAACFDCBECAACFCF
FFFBCAFECFAAFFBACBEFDBEAFBBCCAECFDDEFBDDDCFDFBEFECFDABDAEEDDABCCEDCEBDAADACDCABABEAFDDAAFEFECAABBFCDCDDEECBADCEFECEBF
AEEEBDFADFAFEDBFEFCADDFAACCCCDDAEEDACAFDDBDFDDCAFDAADCDABEEDEBFCFEFFBFADAEADDDCFFEBAFEBBEDFADDBAFBBEAEEBFEFECAECBFACFACDCCADFCFFFFADAEEDAACCFCADBBCCFCFEDFEBDAECADCDECBCFCEEECDFFDEACCFDFCBEAEADBABDFAABCDCDAEEFCEBAEBAAFADEABCEDEFEEACFABADDABBECADFCDCEAFEBFBADFAACACABFCBAFBCEEAFCEBFFBCBCFCEADCCADFDEFFDDFDFDAEEDCFEEFABBFFEABFFAABFEECBCBCCCEFEADBCAEACBEBACFEFDAFBFAAACBAFEEADFFFBECEAFEBACFADFFBBFECBACDEFCECAABEAEFCFECBFCFDDABDADBACEDDFEADDAAACAADDBECFFEFACCDAAAFABFAFEEBFBEFCEDFCEADBCEEEDCBFAECEDECBEFFBCAAFACEDAAECFEAEDACDCFAACBFDEDCACCCBCFAFEC
BCFDDDCABADDAFBBDEBDADCEFFBAADBBAAFAACACCEEEFCFEBFBFEFCDDAFBEECEFAEAFDBBBAAFDFFCDDBDDCBBACBDFCFABBCBDDDEFBDDABBCDEBABECEFCFDEEDEBFDFFEEABDDFDDAFEFBFBFBFECCBCBBABAFBDABFAFDCDAFCCBACABEDDBBFDAFCBAFDBBFCEDCBFFEEFBDBAAAECCBFDFFAFDFCFBFCAFDCBFDFFBCAFCEFBFCBEDBBEEFBDCDAEEADDABBAFAAFBCFFBABEEADEBBCCEFFCCFDBAAAADBAFABCCFBDAFBABEFDCCFDBDFCFAEFFDECFACDFFBEABECCFCDEDFDAAAEBAFFBCABEBDDEFCBBDFEFCFFDAFFDBDEFBDDDABFAECACBBDCFEEDADEFBEADAACEBBDDEADCCAAAADDDADEBDDFDDFCACACEFFDABAEFAFBFDEDEDBFBDACDEDBECDEDBBAACEFCBAFEEAFDDBCBFEAFBCDAADBFFADDEFCEEFDDACACDBDCDCABABDCECFECBBEACBDEAADEDFFBBAFCAEFFEBBFCBFEECBEBEFCEADDBBADCFDDEEEFAFABCEDBEBBFAEEBAEDCFAEBCDFFAFBFABAFAEDFBBAEEACCCBE
FBBBFEDFFCBFACABBFAFDEFBEBCEEBECEFFBBBACEFECFBDDBFABAADFCACEBFABFDBCEEAFDBADCDFAFCFDAEADDCCDFCFBFCEAAFEBFAAFEACADEFCBCCDFDFFFABBDBABFBBACDAACDBAEABFFFEDCDDFBDAFFBAFFFAABECBDCFAFDEAAFFEABBDDDBCBDBFBEFBEBECFACBFBCBCBCCDAAECECDBAEBAECBFECDFBACBBCABCACCBEAFEFAAFDFECBDDECEBEECABCCFCEDAFAEAAFAEADBBFCABEAFDACBCEADADBBBFFEABDFDACDDBBACBEEFECCFCAFFCCAFAADDDECFBADBDEDCBDAFDCECECFADCFDBBFCEBFBCFFFADFFDCFCCFECACBFBECDCCACFBBCFDCDDAFEAEDBEBADEECDDFBFE
FBCAFFFDFADBCDFDBFDDCDCADCBAAABFFFCABFCBECFBEFBCFDBFCDEFAFEAAECACEADBBDADEAEBAFABDEFAFDCFDCECFEEDFAAFDCFECFEFDDBDCADCCDDBBCFEECDCFABEFDDEECBEBAFAACBDECDCFBCDBBBAFEFFDCBCCECDAECAAAACDBFCEDABFBDFBAFFAAACEBAEEFBFFFEBFCADFEADFABDCDFAAACDFFACEEBCCCACBBAFECCFFEFFBFCBCBEFFCABEFEBDEBAADAB
DFFBCCACBEEDFCAFAEADAEADFBFCCDFCBACEABDBFFFEDFCEBECFADDBDBBCECBAFBCBBDDDDEDAEFFECCFCEEEBFDDECEDFCFCCACDDBBCADFDACCADDBFDDAEFEEBBFEFCAEBDDABBFCEAEDACAEAAAADFBEDAAABEBADFDFFBECFCBCCFDFEDCDFFDBDEDDBABECCDABCDBBACEABAACDBBFFAFDECBBCDBCCAEE
EFEDDDCEFBABBDCDFABEFABFEAEEFDBEFDACFBCADCDEDBACBBEFABEFDBDEBFECEEFCEEFCAFCFCFFDCAADBCBEEAECBFEEEFFCEECCFBFFBCBCCFBACFDECCFEEBCCEACCDAEDCDBECBFABFDDEDDDEEBDBBFBBEFCBEFBDAFABBFAFBEDFDDDFEABCECCFCCDCADBAFDDCBFEECAAABEADBCDFCFEEEFFDCDFCFCADBCCECAEDDCCBFDFAADCBBABDCEEFCBCCCEEACACFAFBECAAAFCDBCBDADFAEFECEBABCFFBAACDFDEBFABABABCDDDFADCBCCECDFAAFCAFBBBADDCBBDEAEEDFCFCDCADBDCDABDDEDAFAFCECFCBDBCFEBFBFCDDEBDCCCEFDDACBEFECFBBAEEDCCEBCEDBEBDDBDAACCDBEBDFCEFFEFEEBCBFBDBBEBFAEDDBDDBEFACDDEAADFDBCAADFBCFBCAAEEBCDAECFCBBBBDFADEAEEBDDCCCCACEEEACFFADDEEBABDDCFDFEECBADEBACAFAACDCBFBFEDDFEFFCACABFBDEFEBCFEFCEEDAEFDABEDBDFEFBBFBCFFCFFDECBAFEDCDCDDCFADBAECDCBDFFECDAFDCABBEFCFEDAEDBFFFBBBFFCDACECCEDADBAFFFEAAEADDEFDACCFBDCDCDADBBDEBCCEFDCEAEFEBFFCCAEDAFECFAAACEEBFFABEDCEBFEFFEFEAEDBAAACFECAAACEFBFDFFEDBCAAFAAABEFDBACBFAEBEFFAFDDDBCCFAFDFA
DECBEFEADBFBBBFBADFCDFADBEAAEFDABFCFBADFCADDECBBFEBAFECDBBCFEACFCDFFECAFAFFDCABDADDBFBEFCDDAFAABCEDCBCCCCDFCEAABACFFFDDCFDACEDDEACDECCBCFBACDCBBFDDEBCEBDCEDFDBBABCBACCAFEDEBEFFEFBEFEDEDFCCBDACCBACFDBECB
FEFCADFAEEBFCCEEBFFCDECAAAFFFBEBCFCCFBDDDEFDAACADEADBFAEEFCCEBECFCADFEAACDDBD
CACDEBAAFFFACDBBADEECBECDFCECDBDEEEACBBDDFAFCFFCEECDFDCEEBBEACBCEFBDCCAFBBACCCCBCFCBFBBCABDFDDFDEDDBEFABEAAFCDADFCDBADBBBCFEFAFBFDABEAFFEDEADCFABDF
AFDCFCBEADCBFFCCCDFEFCCBEBCFDDBACBBAACEEDDEBDEFCBEEAEBCBEBBAFBCDAABDCDCCDEABFBBDFDDDECFDDBEFBCDDDADCEBDACCDDFBCACFAAFBDDABDBECBEECDBEBFFDBAFACEDCEDBCCADAAEDDCBFADBBABCFFCFDDBEBCABBBFAFACBFEDBCBBBCDEEFFDADCAACCDCFCECFEDCADADEDBFEDCACAEBABDFDCCEEFBAECFEEFDFACBEDDAAEEABBCAEEACCCCEAABACACCAAAFAEEFDDCEFCDDCFDCCCE
BFEAABFDCEBACBDFDFCAEDABEAEFCCDEFEDBEEDFCADFDECDAAADBCEACFAFEECCDCEDFDBDEEBDEECFDFADFFCBFEDCABADDCCEDACBECAFDCFAAFDFFABDDECABEDDDACDDDDACCDDBECCBCCADBDBDEDBDFBCAFFCCAAEADEABECAFFDFDBADABEDBFDCDAEEACCABEFCFBEFACCAFFFADEAECDBEAECBCEBDAAFAAABEACBAFAFFCADFDCADCCFEAEABBFDBDEFBCEACCBDDABCAFCFAEEFFABBCCDADBDBABADBCBBDACDFBDECBBDCDFBADEBABDEDFABFDDEDBDCCADFAEAECBEAEBCDABBABBDBABBCFCAECBCEAAADAFFBCBBABDCDEDBDBDEFEFFCAEABFFDEADDACDFDBEEADFBAEFCCEBECABEFCBDEECBDBDCBCFDEECBBDACFBBECEFCDFCFBDDFAFCDBAFFAEEBFBEBCFDBCDEDCBEBFCACDBFABECADCAEFEBAECCDFABCBABEDFAFADDAFCACBDADFDADDEDEAEBDCECBBDFEECAEBDFFFCCFEACDBBDBBCFDAEABDEADDDCFDAAADBAFCEAECFFBEFBCBEFCFEFCAFFFBCFFBDAEFEBCDEEAABDDAFCEFABDBEBDAFDFCFBCDADEADFFFBBEDBFFCAEAFFDEAABC
EACCFDEDACFABFEABADBFCADBEBDEEAECFDDECBCEADAFEFAFDCAEADABCCCABBDBEABAEEFCDCEFEFBCBFAEFABDBDEBDEEDEEBBCCDEEAFCAADEEACDECFEBEEABAFCFDFEFCAAFAEAFFBCDDFDBDBFBAFCDEFDFAEDCCFCBFEFDCEEBFDFBEFFFEBCFACAAACFDDACBBDADFFDABECDDCDBDEDAFBBCDDCDADEFCCCBFEAADBEFFCEFEDFFFFDFEBBCEBACDAFABACAFBFECCDFEDBDEBCEAABEDFEDFBFCDCCEDBABBA
CEDFCEFCBBFDBFABBCEDFAFFCEEAFEFBEEDBADEFFCBBCFCCCFDCCFBBDDEDEABCBAFCFDDACBDBBEBEAACFCFFBADBEEEAFBFEBDDAFEADAECFEFACDCBEAEBAABDAEFFDFACCCADDBEEBACCAABFACEFBBEADDCCCEADBDDFEFFEAEAABEDDCBFADBBBAAEBDABFCFBDACDCFFAFEADEFDDFEBFFAFDFFAFEDFBCADFCBBEDDBBBEEFEFC
FEBEBBCFCAACDBDCEAFECBBCFEBACDEBADDCADDDBBADEDFADBFFDCBDCBFAFABDCCBFEEBCAABDDCCAABAFFEFFCCACCACFCEECFEDAFDFADFEFCFDADCAFBEABADCECDDBCFBEEBACDBFEDEEEFBDEDCCCBEBDAECADFFFDDAFEBFFDDCEACBEDEBFDBFECDEDACFDFFCBFCAEFEEDEDECDFFFAADABAEDDCFFDEFCBDEFFADACAEDCFCADDBADDADACAEBFACACEFABCDBFFCFACBFACDDDAFFEFFABFCABBDEBDBFCDCACDFEDFDDAEEEDFBCECBBDDFDADEBACEBEBFBCCFCAECAEBEBFCBBDFBDEDCDABFDBADDCEFBFFDABEAEECFDFEDEEFDEBDFBECFEAAFEFFFDEEDAFDFFAEBACCABEFFFBFDDFAFAFDBAFFECCFEBBBDDEEADABCFDCABFBEAFADACD
EAAACDBBBDFBCFAFEDFBECFCCAACFDCDDAACBDCBCEAEDEECFFAFDACDDEAEBCC
EBADBBBABAFCDFDAABFFFDBFEEAEEBEDDDCFACDCAFBBBAFFFEFADBFAEAFDFAFABCFACDDBBCDDEEAFCBCCCBEDBBFABBBFAFFDCFFFEEEEFCCABDADBCFCBEDCCDDAADEFEEDEDCBEBEEFEAAABBEDCDBCFEAFEDFDADDBDBDBACDDDCFACFDBDFDDCAEBFAECDFCCCDFAFFFBBCDFBFEAABBFBDEECDCFCBCFBEADDABBFDCAEFCAFEADCDBBFAEECCEBBCDEBADCFDEEEAAAAABCCDDEFBCDEBEDFCACFBACEBCBAACBBBCBDFABDBCBECFDDEECCBCBBABCAFCFBEDDEEFCEFBFDEAAEFEAABCFACEAACADCCDCAFBDBADEDBFCFCEEFCBDDFEABEBECEAECAFBEFAACDEECBFDFCDEFCABDFBFDAAFBFBEAFFCFEEFDEACAAECBACABBEDEECBAFCFABAFCCFDABCFFCDFCBFECDDFACEBAEAFBACEAFFFBECEEBFFCEEACFFEBBCCDFBBACAEAAEFBEBDECACDAEAADFFBEDDEBDDAFAAFEBBFABFCFEEEFDCAECDEFFDECBFCECFBADAEBEFCCCCCCEADDAEADBFDECADBBFDABEBDECEDADCEDFAEFDBCEBBCDDDFBCACBAADEDCCDFCDBFECEEABEFDABECCDBDFCDEDBFDCBDABBFBBDFAFEEDCCFCFBEAEECFFFBCABFAEDBFFFEBBEFBDEFADAAEBFFBDCCFCFAFBEBEADEEAACEBCEEECEFFFFAEBECCEBFCADCCBBCBAAACAEFCDDABAAFFBBAFEAABFADCCDFBFEFFBDDFDDEFFBEADDBEAABFBDDBEEBBEBFDEECEABBDC
DFACADABCFEADCCDEDCEBBEECDBBCBBFFFCACBDBEDACFEFFADDCDDADFCDEDCDBEADBFADFAFAAFDBCCCEEBFBCFBAFFBCCDAFACEFAAADDACDDBBEBAEFDAFCBCABDBBABDCCEAAFAFAEFDAEFDACCEEDADCDBEBABADDEAECAA
FDBBDCEEBEBDFCCABBBAEDBFCFCDADEDEBABBDFBAFBFDFDBEAEDCFAEBBDBDDABDEDFDDECDCCFFBADCDAAEEABDABCBCDABDFCDBAADEACAFFAECCFCAECBDBCBFEFFCEFBCBFCFDFFDECCBBCFCADFDDDAFACCEFDDEBACBEEFBCBDDDFDCFEDEAFCAABAFABEFEBBCAFDFDFEBADEDFFBCAFAFDAFBFCABDFFACEDAFCCCDBEAFDDFFDCAAAFFDFEDACEFBDDEDFCCFDCAEECDFADFDECCDFAEDCCCDFBFCAAFAAAFCDCFFFADBBDBFECEDCDEFFFFBFDDAAEEECCAECDBFFECEFADDBCCEDBEDCDDDDEECCECACDDEDBACFDFBACDDFEFFAEDBDBDFEDDCFDDFBDCCFFCAEBDABABCFDBEBBBAFCEDECBBDDBAFDDBFCEDBCBDADDEDACFDACEDCCABBEADFBBDCAEBEDFAECCDDAFEACDEDECABEDBDDEFCAAAEAABADADDFACFFABBDDFCDEDDDDCAEFBFEBAFFBFBAFEAFDFBBFBEDDEAEADDABDBDEADACCBFECCCABFCAFCABAFFDDDEDDEADACFFDFEADCFFBACDBDAFDAAEEBDDDDAFCCFFADEDDDDFEEBDBFEFEACBAFFFCEBCDCDCAFAADDCFBCCCDACBCDAABCDCEDBBBEFAEECBDBFFFAFAFBDBCCFFBCCABABBFDBDBABAFADCAFFDFEFCCFAEBECAADDFFAEEDCAFFCABEBFAFDFFABFDFDDCBBBABFCDDCEDBADFEADCCEDEFBEDCACAACDBEBAFADCDEDEBBEBFDAEEFDECEADDEECECEFDCEDEFBBDABAEDFDAFCCCFFCFDEDCFDEECCDEADDAEADDBBDDAEADCDFDBBBDCCCEBEDDBBAFCFAADCBCBDFF
EAEBEEAFCFCEFAEAADECAAEABEEBADECEBADCDDFAACBBAECEECECBBADEFDCBEBADFEDDCCCFDCBBFFBDBBDDDDBEDEDCFCCDECBDDCAFDFCEAEAECABCDDBCDDEDDCACADCBAEEABBFDEBDAECADECAFBFDACDEBBEDFECBFCBEDFEDEFFFCCCCCECEFECAECEECABFEFFEDBFABFAFFEDCAFDBBCCCFDBCEBCDAADFFFCADDDEAEFAEDFDFAFFADAACEAABDBEACCFEBFBEEAAADFBDAEABCEADCBFAFCFBCCCCEFAFEECFFFBCAAEFEEDCCDAAEACAABAFBCAABFBCDEADCECBFFDEFAFAEFBDBAADFFCAAFDADFBFCFBBCDEADACABBAEDFBEAFACEEEBFBDECABDCFEFBFECDFDAEDDAEDCBAEABBAACBEBFEAECBCFEBCACEBBDCCADDCFDCFBEBEBDECEEFBAFCBEFDBBAEBBCCCDBFFEABEBBBFFDDBCECFCFADDEEBBEAFCFFDECCBDABCDAECAEABBBDDDCFCABFABEADEBDDFEADCECEDAAECDEFDBCCDFAFDAAAAEBDCAEDAAAACBEBFDAFBFCABBBBEEBDEBABFAACDDBDCADAADBCDDBFFBBACEEEDCFDCDFDEFABADFBDEEFBBACBEDFCECDCAFAFFACDAEEFDCEEADBCEFAEAACDDCBBCADCCEDDEFDCACDEAEEBEFAAEDBCBCDCBFFAAEABDDCDDBBFDBCDBFDBDECBACEBAAEEEADBFABBBAFAABCBDFCADFEABCEEDCEEEDCDBAEACBDCFAAEAEECEBEEDACACCEACCDCACAFAEACADDACFCCFAD
ECAFEEFADCECCABCBFDBFDBFDACAAAEEEDBBBAEDEEFEEAAEEEADBEFDFEFBECCAAFAABDCDDFCDABDEDDEDFABBAEDDFFACECFBDAFADFEFCEFCFDEEDECAEABFCFBEF
CECCECEAEEDCEBCDAFBDFABDAFDADECFECBBECEEBCFCBADCABFFBBCDFDABAEEBDDEDFADACCCAEFBBAADAFFAFDDEEADBCEFEEADDEFCAEEAEACDFABACAEEECBEBCCEFCFDEECAAECCBCABAFCDFCDBCABBBDACACCAEAFEAEDFAFFFDFBBACEAACCCCEFBACABDFACECA
ABFCFBCDCCDEBFAEDFADBEDFFDDEEFCEFCCCCACABACCEDBCEDAFFEBAECDCFFABDEDFFDFECCFBECDBFACCBFDEDAFDDCDCABFEECCCFFDDDACAADDBFBDBFEBCCBBACFEFACECEEADBFABADAFDEDADFBEEAEBACFEAFCDBDAFCFEFDDBBBACBBCBEDECEFEABADBEDCBDADBFFECABDEBEDDDCAFCDCDBFFBBBDDFFBFBFDBCCBCCBEBECAEFBAFFEDCAEACFFCABBFDCCABBDCADFBBCAEAABCBBDDAEBCADEEDCDFFEAACCCFFEDDBFABEDCEDBBCADECEEDAAFACADFEDEFFACCBEBCEBCCFEEBFCEFABBFAAEFEFABAAEFECCEBDECAFFDAFDFECEFFFBEBFDDBCFBBFCDBAEBF