ADECFBEFCDFBFCBBCBEBCABCCFCEFDCECFFCBEADBFCAEFEDDFCBEBBABFBAAAFBFABCEAACFFDECDCDFBBFEBEEEFEEBEEFBBFAFACDEAEEABCAACEBAFDDDBAADBDEFFDECADFEEFFDBECDDBCFCFBCBEAACEADFDBFBCAAD
CEDFECBFEFFEDEDFBAEEADDCEDFACCFAEAFCACCEDFFEDECABBDBBAAFFEBFAAEACACECDBEECADFEDFFEFEECABB
CECCBDEDCECEEEABADEADDCECEEDEDEBEECCFFCBBCEABEBDEBCFECFBEDAACCCFEEDFEECEAABFBFECDAEFCEADBECCDDFBCECCDDABBBDFCDDFAAAAFEDDDFBFCDDACAAAFABFCCAAFCDDCCAADEFEFAADBDACDAADFDADECCACDCDBCBABEFDAFFDEAFEBFFFDBABBBACCAEADAFDAACCEEAABDADEDFEBAEBECCFFDADDBFECEACACCEABBACDFBBDACCCECECADECEFBFBBCBDBCFEDDCEAEBEDBFBBDCCFECEDBFBEEEFCCEAACAAABDEFDAEADAEFECFFADECCABAFAEFABEEAFCFEFCCAFADFDDCDFBDDECCDDBDCBFFFDDDEAEEACCDDDCDDCDFEFAAABCADBADAEECFEFBBEABBEFABCFEFCAFFFCEEBBEECEDEABDDDDFCEBBCACBBBEBEEEBDBDCCDBBCBADEBBBDADCEDBFCCCFBCDDFEBCFBCAEABBCBBDFFABEBDBCCBFCEEEDBFBAADECBAAFEAACECEAEEFAFBFEFCDECBDBFBAFAFFEBFBFCBCDEFDBABBEBCFCEDDFBFBEDCEDCDFDFEBACDAADEDEEBCDAAFFFCEDDEDCADAFDFCBCFFFDCFCBBEBBECEDADEFCAEDDCBBFACDCCCFECAFEAEDFADDBBBAEBDFFCAFFFBFEFCEBDCBEABFADAEDEFCAFCBAECDCBFBDCCCBBEABCEAACEFACEEDBDFABBDACFDBDFEBEEEFFCEAEDFCCBBBBACDDFCCFCBBAFAACEFABBBDEBCBBDDEBCFBFEECAFFBEBACEFAFBFFBCFDFAEDCFADAADDACEEFCDACCEFBBBEDFDDCDCDDABCAEAEEFECADEACFCECEFDAE
AAADDBCACEAEACCDEDCDBDCACFBCADFCBCEBDBDCCFFCACEFEBFACFBEEDACFACBCDDECCDDADFFBDFABCEAAFBDCABECDDFBAEBEAFFFCDCBDABADECCDBAFABDECFFBBFDCCACBCDABAFCCEBAFEFFFACEFCDCCFCBBDBAECDBADFBDCFEDDCCCACAFDAACFEDDAEBBCEEBBAFCCCAEFBEFBBEFFADCBFEFBEBCFEBBEFBCADCDAEEAEACDAEBAEBEDAEBCDCDDECDCBFBDEDABCEACAEFBCBBCDEBBCDECEFBAECCCFBACACDEBEBDFEEEFDFECACDCCCEFBDCFECBFFADCCEDDBCCAFBEFAAFBFAAFDBAEBAAAABABEFDEBDDBFBDECEEAEEBCFDFFEBCDCCBCDFACBABCECADACBDABBFF
AADABFAEADFEFFFDBABAAFECBFBEDEAAEAEAFBBDBBFBBECEEDFDAFCCDCDDDDFAEFCDBDFFBEFDCFBCFAAEFCBDBCEF
EBAAEADEFFAEAAADCCFCBBAEFDDBACDEFCAEACCBFBCDCCFDCCEDEBBBBDABABDFEDBFDECBECEABEFEDEFFDDDFDCCBBABDBACDEEEFBCFDECEBCDAFEBFAEEBEAFBCDAEEBACAFDFFFECDBFECFABECEBEDBCDFBCEDCBFCEDFEFFAFBCBFACACDECFCEAFDCDBCEFECFCCFBDFAEADBDBFFDCFDACFBBBCDBCFFBFCCBDCEADDCDD
FDBFCCDABEBDDEEEFCFCBAFDAAFBEAEEFDBACADCDFCEDBACCAEBAECAFEDEBBDBFAEFEAFAEBCAEFFFAFFBABFFBECCADCBDEEFCFDBAAFFABDFFACECDAFAACBDFCECFDCFDFDCDCCAFBADFBFBABFFCCBCAEEEBFACFEACAEDACDDAFDDBCDDDFAAFAEBAFCAAFABEBBBEEDBFDAAAFAACDDAFDCACABAFCDDBFEEAFBADCCEECADECDEEDAFBBCFDDBEEFAFCDBBFEFFEBAFAFFAEAEABFDEAEDCEDAEFCFEDBEABFBDBBCAFADABACBABCBDABFDECEBCFBEDECDACFBBFEAEBDBBFDFFBAFBCFAACFBACCDEFFEAEAAFCCDBFDFCDDAFFDBEFBACDEDAECDDCBEBDCDEBFBCDEDEBBAAAAFCDFEBBECBBDCFAABCFCDFAEAACADFBDEFDEEDAEAECCBEFBACEDBFBBCACABCDFFECACFCFDDCAADEBACAABBDAAEEAEFEEAAEABADADDEBDDAACABDBFCBCFFFCEBCBBCBADCEBBDEEFEFFEBCEDDBCCEFEFCFEFCECDAEBAABBCEAEEADEFBDCCAAABAFFEAD
FCECBEFFCBDADCDBFAEEDEDCACCBCECCBCBFECCBAFEFCCFBDCEADCCBAAACBEAEFCCCEBFDEFCAFCACCCCAFADDDDDFFCFFFBBCCECBCDEBAFDFCBECCADEDDADEDDEEEFDDCEAABFACDDCFCDBBBABADEDADBFEBACEBACBBFFBFBBEAEACECAEDABEBADBBDECFFCBAFABEFEAEBECCDFCDFEFEEFCFCACFFDBCFEDEBBCBEAABFEFEBBCDDACEABFDEDFADECBDABAFBBACACACBBEEBBDBBECEBDFDCACCCCFABCECCBAAEBDADEEFDAEAECEABAFFFECECECCCFDAAFCFECEDCAFBABAEBAAAEDDDCEFFCDECEFDCBFFAEAFACDFBBEFCEFEBBAEFFFCECECFAABBEADEACCBCAEABDDDFCFDEAFBBCDFCBADDAFECCAAFBDABBFDC
ECBCFBCFECACAAFBDCEFBDAAFAADBBEFEDFBDAFECBACCBFEDDDDCADCAEABFEEECACBBFCBCFCBEDCDABFCAEBFFEDCEBDFBDCEDEEFCEAEDDDFACFEEFABABCBCFCFFBDDEAADCBCCAFECDDBEECAFBADAADBFFFACDBACDDEFFEEDBAFBCCACCFEAAAFADCDCADACBCACBDFDDFFDDFCBEBCEBDDBEDCDECAEF
DFCCEDCADBEACEBAADCDAFEBABCCDFEEFEBEABDECCFDDACCBBEAEDFFBBFAABFFAEBDEDBCEDEBCCBCDBBECDCDEDABBDADBADAEFEDFBFDBEDEBBDAADCCEEACCDFBAAABFCBBDCFCACDCDCCEDDCBECFBCFEBBECECEDFFABBCCDFADEBBFEAACBFCBBBBCFCEDEDAAABFDDFDBFFACFABBCCEFEDEFFACEEFFFBCBBACABBDDDDBFDDFDCFAEFADFADDAFBBACABFABCDCFFCEFACCBEABEABCEFCEAEBDFEFCDACEFBAADACDACEEADECDDCBFCBBDACBDACDCAEDCFACBFBDBECDFDFDAFCCAEDACCFBBCEBCCFFCCDFCEBCDBCBECCCBDFDCEEAFDBBFADFFDDBEECACADFEDBDCBCFBECFBFAFABABEFABBDFFECDFEEBECFFCFADBBADFEFEBAADBBABCEEFDEDCCAFADEAEACBAAFACEEEDBDDEBADBBEDEABAAACFACDACFBACADFDCDEFDADDABDEDAEEAACFAFEAFDACECCDEEECCDEBFADFBBFBCDEDEADCDDECDCEEBACBEADDCDDBEEEEDDBBAAEEABEEBCADDFBACFCEEBAE
FFEFFCAACCCFDDDEEABEDAFFFDBCACDABBAFDBAFFBDCBFAAEFEBCACAFCBFAECCFAEDEBBAACBBDFEDDDEBBBBBDDFFDDADBEFBEDACEDFACBAAECAFDEEDAFBDEACEEFCFDABEADDCCFBBCFBEFFCBECCDEFEBFBCBADBFADCCFACABACBBEFBFDAEBFBDCEDBDEFFFAFCEDABFEBCAFFCABDDDCCEBEAEBDCAADCEBFCCBBCEBEADEDCADFAAAFBDBCBCBEDCEACDCDEFEAAEFDACDDCFCBAFFFDFBCCBBDEAAFBFEDEEFBBEBAFADBFEACDEFCBCADCAEBDCEAFFCEBEBBFBAAEDFAEDAAABCEFAACEECDDAEAFBFACEEDAAAACABFEDBBDBCEFDEDBCFEDAFFCEBFFABCDDEEBBFCFCCBDCDFCADEBFAFAFCFBBFDAAACACCABBDCAECBFFBFBCEEFDDBDEFDDAEAEAECDDFDABB
AEABDEEEFFCABBBEBAAECECDCFCCEFDBBDCDAFBBEBDCCBFFABCDABCBCCCCBEBDDCFFDFECEBAACCCCEFFCFAFBEBABDDFDDDFCFABDDDDFDCEBDEEAFBCDDBDDFEFAFABADEDBECEDFCDBCFBFBECFADFFFDCCDCDBADEBACEFEDAABFADDBAFFDFADCFCBDACCDACABFEBFEBACADFAFAFBEAEDABCEFDEDFAAECCDCACDDEFEEABFEEEACFCFFBEBFCFFCCEFAABFDBDEBAEBCADCCCCDFDACEBCCCABAFAEEFDDDECAACFFBCBBABBCCEFCACCDEAACBFFACEFBDAFCDCAEFECFCDEDECDABCDCBBCBAFCCFBEAAFEBBFECCDFDFFFAACECBCDBBBEEDFABBBBCDAE
CCBFBCCECFBCDEDABFEDEECACBDEBACEAEEBDDCDABBBEDEEFAEFDFCDFBFEEDBDCEDFCEDBBDEEEFBFDCCDCDAEDBBEEDAEADFDECCECAAFEFDDFDCFFFABADDCDEFEFFABACFFC
EBBBCCFABAAEEFAEECAFDBAAEDBDCBDDFCFFFBADBBCEBECCDABFBAAAFBFFEAFCADBEECDDBBBBEDDEAEAAADCAFFBFEEFFDDBCEAFDCDCFBAEFCEEBDCCCEDCAEDFEFAABFCABEABACDACBEEBEFADEFEFBCEDCBFBECBDCFEDEAFFBECAEBFCFFEABBBBDAFAAFECFEDCEBABBEFAEEEDACCCDFFFCFBDDFFDBFDEFABDCAEECADFCDBBEFCDFFCDEAFBFCDAAAFFABADADDDBBDDCECDEFBEBAFFDAFADECFFBBCCFFAACDDAEAECDDBDECCFACBFDDFDDCFCCAFAFECAFFADCEDCFAAACCDEBEEEDCACFFBBACEFBFEFADBDEABAACDDCCCBFDACFABAFADCDAEFABBDEDCFDFDFABFFBBEDAFBFFABAAADBEADDAFECBFACCDBAABABADFDCBEBCACDBFDECAFDDAACFCDFDDBFDCEBCBCDEBAADADFDEEACDFDEDCACBBAEAAAEFABAEADBEBACABAACDDBEEAACDEEDDEDECDACFAEAFEDABFDBDBEBDCADFCFEBDECDCBBADECFCAEEAAFAFEEDCABDECBFDDDBFAAFBAFFCEDAAFCBCDDBBFDFAACDBDDABBEDAEACEAADDEFAFEACCDEEDCACEEACFCBFBFECEDDFFBDDEFFAEECEABFAACEDDADBAEDBEFADABCACFBECACAEFABBAAFCCBA
DDCCBFFAFCBEEDDEDDADCDDCDBFBEABEEDCDBABCBFCDDFAEEDACAEFAACDEFAEFBACDDDCFECFBDDEBABEBEEACDCFBEBACFFEBCEADACBCADCEDCDBDDABBADACBADEFAFCFBDDFCEFBCBACDEEBCCCEAEFBEACEABACEFEFBADECFDADDBEEBFCAFFBBDBCABDACCADCEFABADACBAECDBBFAFECEAFFEBBBABCCAFFDFFBEAEEBECCDFDDBEFBADADAECAEAFEBCAFAFFEBEEDEEECBDABFDBAAAEEFAAEEDCCFFCCDBBABECFEDCECEAADFCCCBCBCADCFBCABECEAABCFFCDFCFEFDBBFBEFEACCEEABCFFBCDCBFFDDFDFCDADBCEFFDAEEDFCCECAFDADDABBEAFBFDAFAAFDABEFCFABDCBDDCFEDEFBEBDBDAFBAFEFFCAEDFADFABACDDFCBDEACBDAEADDCCDCDECAFDADDEAACCDBCFBECEDBDAFBFCCEABAEFDBDFFEDFABFBCDBBDAEAEEFBFECBAFFFFDDBFEFDEEDFBECEEBBBACCDEDEBFDECEEAEABEDDFDFAFABEFACDACBCBCDAEDCEDEBFCABEAEAABBEBCBBAEDECDBFCBECEBCFEEDDABDBEAECBFDFDFBFBACEBCFBFFFBEEACDDDBABDCFEAEDAEFCCFECBFFDEFABBCEDDFCCADFDECBEBFDEBFCEBCEAAFDCAAAAEDACAFDBFDCBECABEFBCADBBCBBA
DDEDDBACDAFDCABADEBEBCAABCBCDFFCBEFFDFAECDAEAABEBCCEEBCEDFFFDBDFCDFAADCEAEFCBAABEDDADBDCBBBFDFFCFEEDADCBEACDCEACBAFACBFABEADDBCCAFEBFFABECFDEBCCCECCFFFCCECBFABECCDCDBEBDAAFBBEFEEADFDACFFADEFCAFFBCCCFBEFAFFFCDFDADDFDBAAEBDCFAADFEEBBEBFAACADAAEEEFEADDBCFBDFCFDCCDDACAAAFEBADFBBABFDCBBFECAEBDFEBBFFBFFEBFDCAAFADCFECBCCCCEEABADAFCBDAADBDCEECAFDBBDCBBFCBACDCFCFACABFEACACEBDFFFCBFFDACCDCCDAABCFCDABADFADFAEADAFDFDADBBDCDADBCCFEFCBFFAACDEBEAAABBAADEFECBCEEFCFDFCCFAFBACCFDDCCBEDEDDADFCCDFEEFCFFDDDEFEBDDFCDDADAACFBBBDADBFFCBCFBEDCF
FDCACCBFAFABCAECFDFBDFDECBECCAEECDDAFCCBCAADCCEFCDFDBFCCABBEECADAFBEBCEDFACCCDAABEDBDDFAACEAAFFEFECABAFDCBCEACDBDADECCCAFAECEFACDCBACDCBEAFCFADDDCAEEBBABBADABBAFDEBEBECCD
BAAFCBCDBCDBCEFBAEEEACBBEEABBDBCCFEEDAFEEEADACEEDDBBCEFCBCCBFACADCBEABBAABFADCFFBCCACAABAFAEBBFBCDAFEADAFDCFDABFECCCBADBCBEAAEFAABEACDDAEABCBDFAECCACBFBEBEFDFCDFCEDBFBFDFADFFDEABDBCEFAFCFCFEBBDEBBBCBBDACCFDBCCADCFCEFFECFCCDEEBDECCFEDBFCFFFBDFBFFDCCEEEBEEEAECBFFAEDCFADCCAABBACFDCCEDDCDACFEEAEBABBEEFBEDCCDBAEEDECCCDECFAFDECBABCFCEFADFCFEDBAEABAEEEDECCBBAFCEDDCDADEDCFEDDDBAFBFACECDAFCBFECCBEEAFDEFEBEDEFCAFABCACDEACABBCFBCFDDBEAFBCCADDFFDFDDAEFFBADAEFFDFCECFCEFACBEDEBBCAFDDEDAEEDFCFDBDBBFEAAACFCBEFBCFCACEAEBADAAAABEEEFDBAFBCEBAFCABBFBAFFEDCDEAAEEDCBBFCFFBCBBCCDBFBCDCAFFCEAACCEDEDDDDCFFBBEFFCFEACDAEFBFFFCEDDFAECCDFDDABDDBBDDEFAAAEDECBBFFABCCFFBACCCBFBCBDAFDEFBCBDDFAFBACEBDEEBFDADADFCBDDFBBCADCDBECCEDCDAFEDFEACCEDDFFAEACFCABABDDFBDFCCABFEBFFFDDCDDECFCDFBEFAFBEFBDCDCBFFCBCBFAAEEEFADFCFFFFFEFCACEECABBBFAEBAB
ACDBCAAEBEDCEFCEDFECBBDDDFFFAFCFEFAACABECBBCABAFDCACADDBCABDEAFDACAABEDCECADBFDBABEDBCDBDFDDCACEDBFDCCBCECDBEADCBCDDCBCDBCCBEEBAAFBFBDADDDFDCCDAFABABEDFCECABBADCDBFCCAFAAAEECDBAFBFBDBBAEEEDCDBCBEEEBAADDDAADADFFBFBABDDDFAAFEAFFBFFCBBDAAFBFDBFDBABDCDBEFEDDFFFBEDDCDCAECDCFDCDDBEFFFDABBAFACCFDDEBBDAEBBFEFAFFFAACDBFEFCDBCCDACAAFBFDDFBBDBECEFCADEEEABBDFBFAFCBEDCCBDDDABFBFDDAABDCEADBBADDBDDCADBECDEFCDECEBBDFCDBECACAABCBEDECEFFFDFFAAFFDDFEDFFADDDDFEDEDCCFBBBADBBCFCFEFDEFEFEEBFDDAACAADEFEDEDBECBEACADBFEDDABEEAFCFDCAAEBCCEACDDFFCBDCCBCFCACDABBAFBBCEEBBACDEBFAFCCBCFBBEDEFEEAFABBCCEEAADAEFCAFBACCEDBAFAEEADCBFCDCBDABFBBBBDAEDEFCEAABFEADBFBBACDCEDDCCAADADDFDCDFBEDDEFAAACCABEBECDEAFAEADBCBFDBCDBDBFAACDDCACBCBABEFBBBFDFEBAAFEBCEBEEFCDBFEBCFADECBEBDFFEECCEDAEDCFCADEABDADBDFCBDCFFDABAFDEEDCCDECBFAABEAEFACBECBBFCDEFCCCEEFFFCAABDDBFCFFEEFBEAEACDACDCCAEAACCADAEBCFDCFFACBCAFDCFEAEDFCACAFEBCCFCAABCDEDCFDEFBAECEFCBADEAAFBBEEFDFBDEEDCAFEAEDAFDCAAEBCCBFFBEEEEEDCCFEEDAAEFBEFEEEBACCFEDAEDCFCADBABBC
AFBCBFFFBCFADAFDDDAADCECBDBADEEFCEADDBEFFBAEDFAAECFAEAAEDAAFFDBAFABEDDCBAEEBABECCABFDDCBAAEBBEFFCAAFBDAAAECCAEBCDFCAACEBAFFCDEECCCBABECAFEABBEDFBEFEEEFFFECFBECFECABEFFCEEBBEEEDF
DDACADBDACEDFEFCCCFAFDBFBEBECCFFEECCCEFCBDDCEBBDCDEBFCDFDBACCBBFBAEFBAFDBEDACFDFEFAFAFECDCCACFAEDFABDDCBEABEFEACEFCFFDDDFDDEBEABCABBBCCECDACEFEBEAEBAEBCBDADFDDDCFBFFABCEFADEAFAADDEBCFBBECBDECAADEDEDBEDFCFDEAABBEDEDFDADEBBAFFEBDFBBFEBCDEDDDBDBEAFFEEFCFBDBDEAEDBADAAECDBDBAEBAFFBECDEFFEFEBFEBEEAFCDFDBFAEACBFFEABFFCCABDBAECAABFDBEEBDBDEFADCCEFBACFBDBEDBFADFFAEAABBADDEBBFDABDEFEFDAECDDBBDFCFBAAACDFCBEADBCECABAEEABAFBFFCFCFCDDDDECDACCCAEDFAFCAFEEBADCADCAAACCCDEEFFEDDCAAFAADBFACAFBCDAFBBDBEBDCCBACEDAEACDDDCFAFCBBDFFBFDFEEBDCECFECDCCCDEBFAFDECFACDDADEEEFADEDADCFBFBADABFFAAECCECFFFAEADDEFCAEFACEBCFDDEFBCBAFADACAEAAFDECAEFBABAFEDEBAEDBAAABABCCCEBDDCABECFEFEEBACECCEEDCAFABCEAECCC
EBDAEDFEBFAAACECEDEABDECFFFFFCBACFFDEFDBCFEDDAADFBAFEBADBDFCBFFCDFEDFDFAFBCABDDEDEADDBEEFACBAFBBDDAEACFDEBDCDBFABEEACBCAEFDEEFDABFCABAAAADDBCDAEAABCCBCFFBAABAAABFAABDBFAFBFEAFEDBAFDFDEECEECADFCDBDDBDBBCDCCFDFEEAFFFADDDDAFCFCAACDADCACDDCACBDBCDCDACCEDFABEDBAFAFEBAEEEDCBCBBBEECCEAAAABFCAADAFCBBEBFFFEEEADDECFCDCEEBAAEECEFA
FCFBADAECDAAABBADFBDFBDFEECBCBAFCEFDADACEAAEEEADECFBADCAEDCDBEAFFBAACDEACCCEEDDCDEAEAACDCDCCBFBBCFDAEEFCEAFBFABDEDCECEADCFBBDEECCFCBCEEAFDDBBAEAFBCADACBBBFADAADDDCDDAFACFBAECFFCAFAFBDDCBAFBABECBFCFABDAFFFAACCEDDACDDDEEEBBEFFEFEDDEBDAAEEFDACBEDBBEBDDBABFCEDEAEDBFCABAADAECDFAABCADCCABFFFEEDCFECFDADEBDABFAAAAACCDCAFCBCCFFCCEDAADBDCACDAFCCECCFDFACEAFBEEBABEBCEACEFFAAFEFDBEBDCDEDBADFCBBBBEBCADBCBCABEFCBBBFACDBEAFEFDBBFFAFEBBCEDCBBFDBBBACFDDFFBEFDBBDDEDEFFCADEFDEACACBFEBECCECBFDCDEAADDCFFBACBEEEBACBEEBCFFFFADDFAFCECEDEADEFCDDEFACDCFEECDAEFEABDCACCDDDCFEEFBEBEAEABFFACEBBCCBCBDBEAFAEFBAAEFABCFEBEBBDFCBBDBCFAECDCAFEEBBCFAAEBDBDBFEFBCDFFEFCCEEACCFECACCAECCABCFABACABFEDCFFAFFEFDCACABBACFCCBAEBFDCDADFADEBBACFFFDEECFAAFECBFFCCCBDBDFDDECECEEEFDCDFEDBEBFDFCDACADCCDFCEEEBDECDCFBAEEBDBCDCEFCFAEAFCBFBFDFBAAD
CEDCCBAEDCABBDBAEAEECFDCDABDCCCFCAFEEBFBEEBEAEBBBFCEBDACDEDFCFDAFBCDFDDDEBDCEBDDECDDAAADFDAFCECEEDAEFCFDCBACCFFCDCEEAFCECCCBDADBFABFCEAADDABDFAAFFDCAACCEDCADBCFFBBBBFABABCFAEDEBBEFDCCDCBEBACEFDDEFEBEDCEDBDCEAFAAFDFDCEFCACBBEDADCFDFCCFBAADDFDAFFDCDFFBFCABEBCBBABCABACACBCFCAFDABABFADEBAACBDFBECBECEACDCEAEDECECFCABABFCEDFABECEBCCEABCAFBEAFCCACEEBDDCBECACEBDBCEFBDABADCADDFDACCECDBACFBBFEDACACFBCADABDCADAADFECAEAFBBAEFBFCCCDBDBEBFECDFFCBBDEACDAEFDAFAAFDAEEFACCDDCCEBFADADEAEDAEDFAEBAAFEABDECABBECFDCDCBCEFBEFFAACAABEEFEDBBEDCFCDDEDDABEDCDAEAFDBAABBAFEEDDDAFACDEBADFDBCEBAFDBFDFCDAACDDBDCEEBFACEADAFCBFEEDDFBAEAACFDECFACBBABBAEFCCCBAEFFFEABCBDCEBFECAFFFCDFFFDDCBAADEEDEBCCCFECBFFBBBACACFEFDFAACD
AFFCBBABAABECAFBBBFEBEEEDCFCCDCCCBEDFEBBFABDBCEFDEAFEABBDCFEFFAEACEAABCBCDECBECEBCAEDEBABBDAADFAFCACBBACCDCAEFCBDEFCCBCEFCFCACCBEABFABDBADBCEEFDAFAFFCBEAFABFEBEFFBEABEECDCFFDACFAEFFCBDACFBBAEAEFBBDEFACEBAADDBDFEFFFCFDBEECADBCEFECFCFABFDCEFCBEAFDCBBACDDDFACCDBEFCCEBFFEAABBAEDDDEFEFBAFBDEECCCEAAFDFBADEDABAFBDEFFFABDFAEDDDFFBDDDEADCBFDBBDBBDFBDBECABFFFFAAFBDBABADDBECABEEBABBECAEFCCCFCBCBECDAFEEFFBEAECFEEBBCEFFEDABCCDCCDFBDDBBAFBDEAADCEDABCBBCCAAAACBCEEAFEEECDCEAEECAFCBFFBEEECECAFAFBECFEBACBAACCEFAABFDDDBCDCBBFCDEACFDBCBFBAEEDEECBFDFACDEBACFBFCFEBFEBBBECBDBCCCEEDEDDDFEDDBDDEDCFCBCFBFCDBBDAEECADCDBDCECDCDBBFABAEEFAABDEFDCFBFFAFFFADBFECCBFDEEDBCAAABFCAFDDEFEEEBBDECEEDBDABDAFCCBBCDFEEEFFDDABDCCDEEBBABACAFCCCEFEBCFDCFBDFBDDFFCEABABCECDADFCCFBFBECEBAFEAEBBDFEFEAAFDDFABAFEADDDBECEAAEBFFCEBBBEBDDDEFEDBACECAFFAFABBEABBEAFDBB
DBDDDFADCCBBBFACCDDABFEBBABEBACEDACBFECBCCEFDDBFAFBCFAEDEECFCAFAEEFBEEBFDBEDDBFBFBAFDFCEEEEDEDFABFFBEFCAEFCBEDBDFEDACECFEBBADAADDEBEFBEDDBDCEEFCDFDDAABDCECBFACEECCFFDCAEABECACFAABDCCAECDECAABABAFAAEDDAECDDFCCFDAACABDCDCDCAEDCBACAACAFCDCDDEECDBEAFDAECCAAFFBFEBFDFADADDDDAACBBBADFEEDEFADAEDBADDEABFBADAADFFBFBBFCFEBCFBEEFFDEEECCDEEFDBDDFFFDECAAABBFFDCFEFEDCCBBABDFDAEBDEBBCBCADBDBAEDEEDECEBEFCAFBBDDCFEFBAEDDAAEFBCCACDBAEEBCFDCFBBDDDBBECDFDFFDCEECCDEEBBEAACFBBFDFCFABCBCDBBFBACEDFCACAFBCDFCEEEAFEABEBABEEBBEADDEEBCABCCEFDFDAFFEFCECABCDCCEFBCDCEDFCBEBBEBCCACEEBEEEBAFFAEBFEEECBAADBDEFBCDAECAFBCAEDABFCEDCBCBBFFCBBAFCAFCFCFEDEBEDEAEDBAACCDDEBAFFDDEEBAAEBBDFDACCADEBDDAFDACDFFCEEFCCBDDDBEBBBCCAFFBFAAAAFFCCAACFAAEFBAAAFCDBDCEDDDBBEDFCDBACCABDAEEDDBDFEDBAECEECFDDEFEABABFFFBAFDBFFFAAFDFBAECCAFBFDECBFCFADDCECABDDADAACABFEEEEAACDFEDFFACBACCFFDBACBEDDFCFBEEBAACFCEDFCBFADACFFBFCBDEFCFBCFEEBEAFDFCEAFABCFAEBDAECCACAEFABFDCCDCFDFCEADCBCADBEBAAFBABAEADEFEFFFBABFDBBADFFFFABCAFFEFECCCBEEFCBDACFFCCAAA
CABCAFCACBDBCFAFCAEEDBCCDEDDFAACACFCCEABEFADFFABABEAFFFECDACAFDBEFEBCDCCBCEBEBFBDAFDAFBEAABAFDCEAACCCBBDDCFFCEDBADAFAFCBDFFAEBFDCABAEFDCBCBADCEFBBEBBEAFAEEEBEFFBDFDFDEAAAFFCBDDEDECCBDDCAFEDCEDCFBFACBFDAACBCBFBCCFCBCAFFEACBBCCCAFADAAABABEDCCEAEBEDEEECBFABECCEBAEFAACDEBEABACCBFACDEACBDFFDAECDAEEBEFCAFADBCEFEEAECADAAFCDBACFDBFEDEADBFCAFDDFACABEDECFCBDAAECCEECFFAECEABAFADEFCEAEFDAAFDACCEABAFBEADCEFBFFBCAACCAECDEBBEABADBDBEABCFDDFDBABCDCDFCFABEDFABAADFBBBDBBDFFBBDBEFACFCBBFBCADFCEDEFFBAEAEDACAADFBCBEFFCCACACAADDEFEBBECACDAFAFBACEDAECABABDBEBDDBBFFFFFECFBEACFEDCCAADFAEFCDDAAEDFCEBBEDFBFEBEFCAABDDEFEFFBFDFFAFABAAEAFEBFEBAEAFFBDDCBDBAADACEEFEEDFAABAEECBCAAFAACBFCBCBFEAACCACBABDEDACAADADDBAFFBDEFACEDDADEFACCFDAFADCDBCACFFDDCBDFFEEDCBBADCEFAECBFAEACCDBAFACCCBACBDCCCBADDACDBBBBECABEDBABEFABCDFFADDADBCACCCFEAEFDDBCEBFDFAABFCDCBFFAABCDFDDBCABDACCEBCFECCDFDEBDFEDDFEDEACEBBFDEB
CCEDFDFAAABFDDCFFEFEECDCECFBFBCFBCAFFEADADDBCCAADACFBEEABDFEABEEACEFBFEACAEADCADEBBDEDCEBEBEEEBAFCBDEDDBCEEBDCBEEBDFDFAEFBFBFEEBCFFDEEBABEEDBCEBEFBDCEFBEBCECDAFBEDDEAFDBBEADFEDDDDDACCDABADEACEACCECDBAEBDDDFDCEADEFCBDBDBFDBAAADBCCFBDDBCFEFAFCBFABDBEFEFEDBBEFADDBFEBADEEDEDEBAAFFCFFCBCEDBBBEDACEBBCDECCCDEDBBDECCFEBEDEFFADBCBDDCBEDCCDFEBEEAEECFCFEFCFFFDFCBADABAAFFDFABCEEFBAFFBECBCECBCFCBAABAFFCECABEEAAECCCFCAECEBAEBACFEADCFFFBADDBACF
AFAFDFEFFDEEDADFAABBDFAADABECBCBFFFEAEFECADACDECFDCCCCFBFCEDDBCAAFDBCAAFCADBABAAACEFACAECBABAADCEACCEBDEFEECFCCEEFEEBEFFBEEBEEEBDCEBBDCCAAADEBAADEDBDDC
EEABDCBACBEAFEFBEDFEAABFFECBCFACDACCCEFABBDBFCAADEECAFFBCBAFBFAEBBDCBEDDFAABBDCFCCABFBDCFCDFADEFBCBDEDBBBFCAFEDDFCFDFDBBABCFEAAFDEAFCCFBDFAFECCCAFFADEACABDEFBECFBEBEECABEDCBACAFBDBEFABDACAABCAAEACEFBBFAEEBCFDBCEAEFFCCDCDEFBAACCDDBCABBFABDFEEBCEFCCDDBEEDFDDCFCBDBFDFCCCCCDFDECCDDECFCCCFBDEBBBDDEAFBCBCBACCBCFDCDCDAFECACCEFDAEECDEBCFEFCDCAADABEDEAEFEECAABAACADBDECBCBBAAEBFEFFDFCEFAFDEFEDAABAEEECAFFBBEDDAEBFFFEDDEDAAFEDCBCFFEFDFFDFDFADFFACADCAABFAABBFCFBADDDEEBFCAFFABDDEDACDEACAECFADCECFDCFFFEEFEECADADDFFADCBCDACADAFBDABCEACBEBCCCACDDCFCABCADDCEDBEBEEECFFFBBDBCFBCFAAFFBAAEFEFFADBAADFAAACDFBAEFBDACADDCECBBAEEFCBBABBCAEECDAACEBAAAECAD
AEECFCCCCEAEDBFDCEECDACFADCADFEBDEABCFDBFAAEFFDBDCDBEFFEEFABFDABCDCCAEAAACBAACEDDEFFACAAECDDCFFABEDDBAFBCDAEBCFDECEEDBBEFAEADBFAFCEABDABAACFCDDBFFAFFDCACCFEAAECAFFBEDFACECABFAEAECFBEDAAEBDFAFECFBEBBCDCCCBDDCEBAFCBEEDBCFACFADFDAFDFCACCFDCDFACEBDAFCAFCCFBFFCDFDFFDFDCBCAEDEBDADBCCEFCFCCC
BEAAAFCCEFEFFFACCCBCCABACACBAEFDEAAAADFCDAFBFEDCEFDAEDEECEEEFDDEEECAAFDEFEDCABEADFFECEEBFADBFEFACBDFCBCFDFECAEEEEEAAFEAFCFBBFAEBDDBBAADFDDBAAACFBCFABDEBDFCEDBEAECBCDBABFDAFBDCFABEBDABBFBFEEDACEFDDDFCACCFBDBFDCDCAADFBFCFEB
BEFFFBDCCEBEEFBAABFDCECADCECFEFAAEFADAEDDBECAECFAAEECAAECCADECFDCFAACAACAAEBCCFFEBFEACFEEDFBCABCFEFEDAFAEEDDEACFDDDFCEACBBFCABECBAEEFCDFEBAEBAADAFFACCCFEFCBEBBEFEECDDFCADFEEEAFBAFEDFDEFFEAECDDCACEACDBFCCCDDEAAEECFAAACBABDCFAFADEFDCCDFEFDDADABFFEADDCCFBBDDCAADADBBEDADBEBDAFCCCBADFCFEEBFADEBACDABCFDDEBFDEBBDFEAAFCEDDFFFDEDEDBEBEAFBBCFEABCFBAADADEFCDECAFDAFDFBBFABEFAADBEFDFCBFECBDAFEFCCAECBDBBDCDBADFEFEECDACDFEEEFDFCBBDBFEAFDFEEAECCCEFFDCCBFABCFDACAFBAFDCADDDAACEDCEBADFCDFDCBEEFCDEAEDAFDCCBAABEBCEBAEBFDFFFDCEBAECECABFBCACDADEFCACFACEDEBBDDDDADAEDDFCFAFEABBEEECDCBCEBFBECFBDCB
BBBAECBFEEDCFBDEDCFAEDCBCBFBCEBECAEAAFBDBADBAFEFEACEADDBFBFCFEFFADECBDCBCFBBECFEAABEEBECABADDCFFDAEEDBEECDCAFFEBCCFBFCCCCFCABCDBECCCFBCAEFFBAEDCECFDEADEFD
FCACAFEABFAEADDDFCEFFFFAAAEECECBACBDBFADDFFDBAEEAEDBFFBABAEEDEEDFBEDFDABDEFBCCCEFDABDCBFCCCDACAECBBFCCFDEFEBEACEBBEDDDCFFBEADDBABDBFCCEDFBEDFCABDEFEBEBCFCECADBECDCFFEDFDBCCFACADBCCEBBFAEBEFECDAACEFDCEFFBDBFCBCCFDBDDCCAFCBFEDDBDAFCCBECCAFEDBEEEEDFFAFCEBDEBBDFCADDFDDBDEEEDBDCDEFEAEACEFCFBCAADFEDACCAFCACDAEFDDBFBBEECBCAFDCECACABDBABABAACFFBBFDDBBDDDBFDCDFACBDEADCBBBFCFAFDAECFEEFAFAEDDDEDEBBDDEABEECFECCDFAFEEADCFEEFAABDFDBCBADDFBDDFBADECDFADDAAEABCFDBBEACAEAFABDEACAFEABDEBFEACEDBEAFADFCEFDDAFDFEABBBFABFBFAACFEACBCDDDFEFEFEDCFBEEEECFBABDEAFBBDEADBCAFBFDEDFADEDFEDECE
EBBBBFDDCEEAEEAADACAFDFCCFCAAAADBACEAFBCDCBFDFDBACECDEAFBDCCCBFCAFBCAFDBFDCBCEEEEBCAFEECCEABBBFFBBFEFCFFFDDDACEFBCFEDCCDECEFCCEBBFEEDACAEEACAAEFCEEBBFDDDECFACFECFBADAEEEBBCBEBBABABFBFFCCFFFFDDACEDFFABEFDDCDDCFDAAFFEDEFABBDECFAECBFFEDAABFABBDCCFADCFDEABBEBFDBEEFDDECBFFEBFAABBFEDEECDBBEDBAADEFCDCAAEAEDEEEFAECCDDBEFFAFABDCEBCACBBADDFFEDBEEEFEEEDEBAFDBEFECBEBAFDBEADAABBCCBECFEECBBBDBBAFDEABADAEDAEDDDDADECFFBBBEFDEACFDADDCDEFEAAAAFDCAABBFCCDDFABBDEEEFCFFACFAFAAACEDDCADECAFADBFBDEAEFCDBACFEFBEBBCDDBDEDBFFBBEFFFDEDDEDDEDBEEAAFACBDFFCCDCEBCCAEECCCBEBECCCDEBDEBCEBABCCEAABACECAAABDAFAAAFABDEEBBCDDDAFAAACCAEFDEDDCBEBABCEECFEEFBDFABAECAEBFCCDEAEEDDAEFECAFDDCEBBEAAABBFFFBFDBFACACDABCCBFEBBDEADCAFBEEDDDDFAACFFEAEDEADDCAABCDEAFFCECDEEBCCBCBBBAFCAC
AECAEBECAEFAEBBCDCFCFDACDCDDBECBFBCACABBFBDCAEBCFCBCBFEBBDAECFAEAFADABFBAAFDEFDBBFADEFDFDCFAEBCEDADFABAABDCEEEFFBCACBBEBDFEEDAAFCFEEFACAEBAAFCFECEECAEDABFDAAFEECFEDFBCAEABEBDDBCFFEDDDBDEBAAEADCFABADFFEAFBEDDFBDAABDDFDDBDFBDEAEDDAAFADFCCBBEFCEBCAAFDBBABFBFCEEFBEBFCDDBAADCBEFECDFBADEBADFBDFCDFCECBADACCCDBACBAFEDEDFCBABDCEFAECADEDDCABDBBACCECCBBFCFCACFBDCFBDEECDFBBCDABEFAFCEDFFBDFDBFFADBAFDDEABCAFBACDADFCBBEBCAFFCCBBFCADBBBDBDCACBFAECECDEABBCCFBBACEBABAEAECEEBECCBBCADDBDAFEBCECEFECEDFBDDDEAAFEDAACABFCAFEDADFFAADBCAACDFFCDDBDAABEDDEAABFBEDBCACDCDBAEDFBEBAAFEABEBCDAACABAEBFAAADACACBFDFCBACACEBDEBAFEECBDDBCFFDBADBBFCFBEEEDEFBEECAEABFBDDADAAACCFADCDFEDDBCEFFFFBABBFBDFCDADCBDECFEADBDAADFDDDADEEEDABEAAFDAAAADEFDCCBAFEEECCCDECADABCDFDABAFCDFDDCBBFDBCBECEBEDEDEBCFFFDBCEAEBFFADADDFDBAECDFACBEFCFFAEFFABABEDFCBFCADEECDDCCAECFEEEDDBBCBDBBAABBCECDDDEEDDDBCDBEDBFEEBEAFBECFCAACBDCCAABFACDADEAFDACFCACEADEC
FDFEEEBDECDECBCBABFFEADECBEAAADCDEBEABBDCDCAEBEABDBEAECDBAEBEFAFAAEABBBEFACEFECACFEDBFBCCBFCCABEDDAEDBDBECBFCDCAEDCFDAAFFBCBBBDBFCFCCBAFECFBCDEEDBDEADAEEBFADCDDFEFCDBDAFCABADCAFFFBDFACACCCDFBDADCDCCFFDAFBDFAABADFCDFDABCCFFDBBDEBFBEBBCBFBFECBBBADDBBBBDDBAFBBCEFDACBBFDDFCDBFDBCCFBDACCCAEEDAAFACCFCEDFBACDCCEAAECAFFDFFAAFACECBBFBDECECEACAEEDCEABFAADFBCEDDACEDCEAADFEBDBDDAFAAADBBADCFDBBCCFADBECBFACEEBEAFACDCFBCDECBCAFACEAFEAECBDDCACEADEECBBADFCBAABBEEFBFADCCDCFDCFECCAEADDEECDCDEBBDCFCAAEFAADFDBFAEBAFCCAEAAABECCDEEDCBEBBFDBEAEFDBBFDFACADBCDACCABEEECFCDAABFEFDCDCEBFECEFABDBBDECDBDEABECEDEABDFCACFEAECBACBDDFCEFCDDDABABAEEDFBFABCCDCACCECCECFDECBBFDDBBAFDABBDABCAFFADCCFEDFDABADDFDFECFBEACEAFECCFACBEBDEABEEBAFDADCFCAACEEFECDCEDDDBFAACBACFFEBEFFCFAACCFCDBEDADBFACEAFAAFDABAABEEEAABCDBCCCEAADCDACFADBAFBCDCBCCADDDACDBACDCCFBDDEEBADFAECCBCAEFECBDEDBAFFFFBFEBABDECBEAFFAFCEBBBFECCACCAFCBFABDBCCDAFAECCAFABBBFDEE
ECEDEEEBFBBFEEBCECCADCFFCCCDAFBACEEEFEABEDFDAAFDACDEACCCEFDFDBBFBCBCBBCEEEABCABAEABAFAACDBCCFBEBFCBBDEAEABCBDCCEFBACECCCEDEFFADFCCCDFB
EDCDBFAFEEDABAFAEBDCCBDAEFDAAFCFDCFEECEECCDADAFAFBAAEEAFFCBEADCDADBAEDAEAEAEECEDACACDEFDADBBEFFAACEBACECCFEBDEFFCAACFFACFEBDCFADEFCCDCFAECFFADFBCBEAAFFDFECBCCAEBCCBABBFBFCBFABDEAFEDAAAFBEDCBBBBAFFAFAFEAEAAACEFAFBFACFBFCADDBFFBBAFAFFBEACBFEBEDCACFBCBEAABAEFCCDFBDFABBDFCCEDFBCCEFBFBDBDFFBFCDEBFBEDEDAEADADAEEDBEBADBAFBFDCBEFDDDEEBCBEBFDEACDACBFEAEFBAABCBBCBCFDCADABAEFCAEECEAFFAEEFBCEEAAFCDCFCDBACCCEABFAECEFCFDBFDDEBECBCBCFBCEFAAECADFEAEBFFECAAEFFCBEFCADCFBFAFFEBEBCEFDBCBDAEEDEBDCFFBECBBCEAABDFECCCEEBBBCBDEECCABEFECEABDEEDEFACCBADDCAEBADFEDADABDBBAECAEDFCBCFFDBBFCBADCCBFADFCEBDAECABBACDDEEEDEEEBCCCCFBFABDAECEBFDEEFFEFCAADACFAFDAEDFCACFABBCAEFDCEECEBEEDEDDFCEBABBEADCEBBEDDBECADAEEBDFEEECDFDAAAFFBBAFCFCDABCDAADDECFDCDADBCFBECBEAAABAEAFFDBFDBBEAAAAEBCACBADEFBCEFDFDDAEFAEDFDFABFBAAEBFEABBACCDDCDEAFDABDDFBDDBBFDFCDDABAFFBCCBFEDEADAACFBAFFEACBBFBABDDFAFBFCEDEBFEFAEAFABFBCEBFFABEDAFCBFBBCDBFCDDBCDDEBAAAEBBCBBCBBBBEBADCFEEECFFAEBBCEFEDCCBEADBDBBEFFFCEBAAEAFBBCECDADCDFCAEECB
BFEFABDDEEDAACFBFCEAABADCBCDACECFFBCABEDCCCCCEEFAFCDCCACEFCBFCBBFDACDAEEDFEACBCBAEAFEDADEAADAFCABDCFCBEAFABEDFBCBCDABAAECACDFBACDCAEFCDFBBEEABEBFFEDBAFACCFCDABACFEFBAEBCACBBBDDBBCAFDDCBABEDBFBAEEECBBEBFBEBCEDEDDEBAFCABEEBFFAEFFBCEDDCFCEBCADDBADEAFCACDFDADDADEDCEDCBCDDFAEFCCCDFBDABCDFADCAAFFCAFBCFFADAFDFECEBFECCBABAFECFBEBADACADFEEBBDBECBAFADCDAFEEBDDAADBABDBBAFFECECBCEBFADDFBABCDDCADCADDDEBBABAAEEDEAEDABDBFFFFEBBFCFAEABFDBBBEABAAEEFAEAEFBCBCECFEECBEDEABFBFFAECACBEDFCECDCDFAABEABABEBCDFDEFCCBDCBEFABCCDEBCDFFEECDAACBAECBCDEFCABBFCAEFABFCBEAACEFBFAFCBFDFFEDEEDBECBCCFCBDECECCDCBAADFFEDFEABEBBFEDDDFEADCDDDBDEBCBDDABDFBFDACBFEECEACAAFEBBBDEADCDECBAACFEEBCBBDA
AFCAABBCFACBFAAFDCCEABBEFCFECACBCFCABDAFCFCFDDDEAABBDCCBBDDABCEDABFDEEAFABAABAAEAAFADADADCFEABCBDCBBCECCCBBCFBFCAFEBEDFFBBCCCEEFEEEDBBFBBCDBDADAAFAFFBEBFFEBCABDECFADDFBCBADFBECDAACBDDAECBDEDFEEEACEAAEABDDBFFCDACCCACAABBDFFCDADBADAAFCFFDCFBEEAFFCFFCAABDABAEEFFEEADDBDCFAACFAECBFEEDCEBAACBDCCCDCBCADECFBBDBFADCCAECDDBBFEDDAACFFCCCBCBBACAACAFBACCCFFBFEEDFFEDDCFFBDEADECCBCAABCFCABFDDDDAEBFDBABCAAADCCFEFFEBBFCDEBFFAFB
ACDEFCEBEABEBCEACBDFBAFDDCBCABDDEABADFDBADECCBBEBECABDADAFAEABCCEFECAADAFBDEABCFFBFDCBFACECAADFBECDFCDADAFEEADCCFAAEFDDFFFEAADFDCEBCBBCBDBEACEDBACDEBDFFCAACDDBBCADBAAFEBEAAFCCEACAFFFACBEBFDDBFCBEFEABCFABCDCAECBBCECFAADDACDFBFBEBCEEFBCDEBDFEDFEBCADAEBBEBFEDEEACDFBFCEBBCDEFDABCBFDFFCFFCBADBCABDCFCADCDCAFFFABFFADFDDAEDEDBABBADABBCCBDAFDCEDBDDAFFDDEECEEABAEECFCFFDEBDEDEFEDAAACCBADBDDAAEFAFDCFDCCCEEAAECBFDBBCDFBFEBCBADFDABBFFCCEBFFDBCEBBDDDCDDCEADEAFDFEFDEBADCDABABDFADABFFEDAAFFBFFFF
BCFBAAEABFDABABFCFEEACFCABDFCBBFCEBFACCBEDBCBBCBEEECBFABFECCBDCCDAFCEEAFDAEFFCBEDAABEFBFEDAAACCFEDEECFFADBDFDBEADBEEEECDBDDCEDFBBACCDEBFECBDDFCBEAFFCAEABDFBBDCFBFEACADBCAFEBCBCBABEEAABDCFBCCFABEDDDDAEABFEEBAEEDACADEBFDAEEFAAECECEFEACDFDBFDDBEDEFDCBABBDBBFBEAFFDCACBA
ADCFCAFFFDCBDBEEAFFEEEAEDDCFDFEAFBECEFCFFBEDADEDEEFEFBFBDBCEACFACCBFAAEECBCBDABDFCADBACDADBBAACABEFECFDEFBFABFDFAABDCEBBFBEEDBCAFDBEAFAAAFDCCBEADABCBEBDEAEBACFBCACCFBFADBBEDFDBFBCDBEEADFDDBFCDACEFBEACCCDEAEEBCFFFDECABDDEBCCFEABAAEFEDAFFAEBACACDDDFCACABDEEAAEAFDEEBBDDFDCBBAFEEBADDDCEECCAEBBEAABDADAECFADCAFCABACACDFCDEEBFCFAFACFAFCDADFCDBFBECBDEBAEEAAEECBDEFABDDEDACAAADEBBFBCABBFAAACCECBACDECCBDEBFDCADECBBDCACBBAADEFDEEECDEFAEEFCCCDFEDCCCDEAAABEBDC
EFBEDAEDABCFBCBFCDCFBBDBFACCBDFCADFADCADDBADBCCBFBABBDDAEEFFDFFACDDACFCDACACFFCAADAFECADFBDCCDDFBDCDDDEFFEFDACCCFAAFFBAEDEBEBDCEAAFDDACEFCBBABDEBBCBEDFEACDBBBCCFABBACDDDDDBFBFDADFABAFBDDCACAAABECCADFADEACCCFEBDBDBCCBAAEBCCFABEAFAFDBBEEADDBABCAEFCAEBCCEABEBDCCEEDBBAAECEBFDACFEABFFDEBEBCCCFBABEFCEDAABFBECABEBEBAACAFDFFCBCBCAABDEEBEEDEFFAADEBAFAAEABAADDECFEDDEAACFDADECFABDAEDBEDBACDFAFCAEBDBBEBBFFFACDFCBFFECDCBEFDABAFECFCFBCBCDBEEFBDEACEDBCAAEDBEAEDCFACBCCEECCEDFADFBFDBECFDBFDAFAFCBFFEEAFDEADBEBDFADAACCBAFFAFCFDEFABFBFEBFBEACBABCEEADCBCCECDCCDFCCFCACCABFEEADBAEBAADFECBCFDCBFADCBFCAADEBBCCAEFEDFECFECACDAECBFEADEBCBDBAEBDBCFBBCADCEBEAFADCDCAAADCFAADDADCACADEDFDFADFCEFACBCCCFEAEDAEFCEEDCADFDFFDEECCAAEAEEBFEBAEDAFFCECCBFCFFACDFCEDFBFFCEDEDBEBEEDFBBCBAFCADBECABBBCAFCBADFFAACEEADEBADEADACDFECFFDEEACDFBFCBECAADEEBFEEADCFDECDBDECAABEBBFBCCDCAADBFBACEFBFBFCABEEBEDEDDDEDCCFBBACAFAEDDEEBEAAFBEAEDFBDBBDCABBFBFEFDEDCBEEDDFFCCBEADBBFDDECDAFDEFBDFCFBBBFBBEEDCCBFACCBFCBDFDACCDCBDFDDFBCDEDDEBEABDEDACEABEB
FFDEAAECAADCADACCACDFFFCECEBEDADDDCBDFFAAFBACCDEAAEAFFAAFBCAAEFEFEEEDCEBCBFABBAECFDAEEBBADFBEBDFFBCFBAAAFAEADEEFBCBCEECADBABDBEEDACAACBCACBCADEAFABBCCAFBDAAFDDDCFFECBBFAEAFFEBCDBDADDDFECCDEEBECEADDDFFDABACCBECEDAFDCDBDEADDA
FACEBDBDCDCDADBAFFCAEFBFEDACBFCDADBDFCDACCDCFBDABEFAACCBEDEBAAFFEDBAEAFBDAAFFFAECBDDFAFEEBDBFAFCAFEAABCFFFBDAEEAADAECFACFDECBACBFAFFFCAFEBEBF
ADDDBFAEDCADDFFDCFDBADDEDEFECEDADBEADAACEAABEFFEBDBEFEFFBEBDEEBFEBBADDDEEEEAFAACDBDABBBBEBCAEDEECCDBEECEABABEFAABFEAADAACDECFAFFECCFEFCBEEEBAEFFAEAACDEBDBEEABFBEFCCDDAFBEAEBFEBCEFFFAEFDBCCEAACFAAFCBACCCCBDEEABBBDCEAFCBCFCDDBABFDCCDEDFAEEEEFDDDCFACEFEFEAABDDFABCDADAECF
FDDEDABCDFFBFABFDCEDDAACCFDBFEBEAADAABBFABCCFEBBBAFCABEDAEFDFAFFCEDAFFCEBBBEADCBDFBCDBCCCCCDFEAECFBCEBEAFEAFCAAEDCEBEECDBEBCFEFCEEADFFBBADACBDCDFBBDEEFFFDFDFFFFEFDCFCBBBCBBEFBEBADFBEFAFAFABBECFBDDEEFFCBCFDEECEFBDEDDDCEDCFEDDDBFEEBFCBFBDDECADBACFCECBFDFAEACCFCACEEEBADAFBCFCECAAEADDBEEFBFEFDCBEDEADCDEEFFDDACBBBEBCFEEACAAAEDEEACBBEFFBEADDAABCABDFCBCADDDFDCFECECDEFFDDFAACAABECCFACFABCABCECECCEFFBFDBCEDDFBCFEEFDBFFDAFEBCADCBFFEDCFCEACCEEFBEBDEAAAFBEAAADAEECDDECFABDBFFABCCEAFFCABDECCABCAEABBCBFDBCDBAFBADFBCEEFDCECCADFDEDFAEBBBEDCFBCDBAADAFEBBCFECABADECDCDDEEFCBFDCFFFDFBBAAACFFEEACACFEBFADBFAAAFACCBAAFECDDBEFECEBFEEFAECD
ECCEAACDFFFBCFDFFCCDFEFDDBFFFADABFAFBEEDEDACECBEDECACBDCBBDBCEEFAAFFEACCEECDEAEFBEADAFBCFEDAABFDBABADEFDACBDFDBBDAFCCCEECEBCDDDDBBCADDABFEEEDBECDEEFCFAEEDAADACFBEFFFDEBCEAECCDECFDBFABFEBBBEEABABEDBDCEFEBAFBCADBEBDBDBAFDEAEBDCBBCFACADCBEFDBAFBBDBCBBDFAABBEFFFEFDFBFABBEBAAEDCDBEBBCADCAAADBBFCFDEDBFFFBDADDCCFFBFBDDFDCBCBCBEFECDACBAECFBBDDDBEAAFEEDEACFDDBCDEDBFFFFDEEEFFEDAECDBCFECACFAAABAFFDADDAEDBBFCBEBDFEBFDEDBBAEBBACBCDDACFDCDEFFAFEBFDCDDFEACBFAFBFBDEDBECBDEDCEFDDAEDDFAFFFBCFBCFBDDDECCCEBFFFDEEDAECAADFCCAADBDFFBDDEDCACDFDAEFBBBEDEDFAFFEAFDEBFDAECEBAACCDDDDEABADBEFBCADABBCBABBBFAAEEFDAAAAEDFFADEBAFCFCFADAEDBBFAECDDADBDCFBCAECEFDCBBFEDACEDBAFCDEFAFBAFAFBFBCDCBDDEFFABECADAAFEFCCCBBBCDFBFEFFFAFEBBEEAACFBABACAFBFAFCECEFEECECCECCEDFBB
FEFEBDCFFDBCFCBCCCFCFDDAAAFACDDCDBFBBAADEDDACEBBDDEFDDDECFCDECFCDCDBBBBBCBACDEACFA
DECEEAEABACCFECBCCFEECFACDCFAEBAFBABBEAFBFAEDDEAFFBAAACFDEDAEAFFDFDDAEABBBDBFFDEBAEDFCAEEEEFEEDDEAAFCECAABFABFAEFAACDAAACADDFFEADACDBFDFEBDECFFCBEFADBBEDDDADCBEDDBEDAECBADCEEEFDACEBDBCFBDBFBBDEAEABEBAEDBEAFCBCAEDADECFCFBAED
AEBCCEABBAEABCEDFBFFACCBBBEBAAABCFFAEEDDACEFEEDFFACBEFAAAFFCEDBEAFDAEFEFEEAEAEDEECCBFEBEDAADDBFBFAFEDAABFADBAEEDEBDEDDBFFEBDADEFBFAFBEEFAFEEBBCFACEADFFCAFFDBCADBFBDEDBFEFEBAECCDBEEFCEEADFBCBAEFFDDDFBFCCECBCDEFBFCEDAAEFFFAFDCFFDCFFBCADCAEEDCCEAAAADDFEEDBBDCCAEDFEACAEBCCFDDDEFBDACBDBBDAEACEBBEEEFACCDFCABEBFDDAACDDBBADBADAFDFAFEADEBCDAEDDBBEAFCAAAABCEDDFDDEBCCEACEDADBFBCDCEDBBCCBBFCEECCECCEFBCDFCACCDDBEACFCACCAEBCFCAECFBCDFABBAEAFFFDBFCECBDACBFADBEACBAFFDCECAEEDDCDFADAFDBEDCEBEACCFFDAACDCBDAEDCAABFFEFEDCBECCBEEBBEFABCABAAACEEEDBACCEBEEDDDDFCEADDDAAFBABDEDDEECDDAFBCCFCABCEBCFCBBDCBFDEBABDDFAACCCADFCFCAFECCCECEADBEDDDFBADFEFEDAAFBABEFBBAFEACCAFDEAAEBEFBABCDCDCFCBD
BFCCFECBBECFBCDBDCCDFCACDDBEBCBDFDFBCBABBDDFBCEDAFABABACACDBFDEEFCFCECDCEBCCDDDEDAFBCDFCEDFCBAAAFEDADABAAAFBEBDBFABDFDADCDDCBFCCEACADCACFABBDBDFFEDCADCADDCEEADECBBCBADFDEDEAFAAFAEAEFCCABEAEFECBFDFDBCDEAFCAFBDBFEFADAFEBEFBCCFEACDDBABFCCDDCADADBBBBFDAADAFBBFBEDFFAEECAEBDBFADDEBCCDFFCDAEFEAEEFBECDFCCBDAAADABCDCAFBDACDAFFDEBAEBCEEBFDCEDBBBAECDAEBCBEFEDACABBEADEAEFCDAAADDDADCEFDEEFEACCAAFFFDFCFBAFABFFADCECCFFFEDDCECCFEEFABBBAEBBDDACDFCAFFBECDDDBEFACCCCBADAECAEECBEAFFAFBCABEEBABCADCCBEEABACACEEADEBFBFFADDDBBABAFCDEFDFBCFEEAAFEFEAEBABBFFECFFECBEFAFDBEAFEFFECCBEFBEAEDCCABDCBDBBBCBEEBCDCDEACAADAAFDFDCDDDDBBBBCECCECDBDDDCAAFEECFEBEFDCABFFBEDEAEDCAECCBDDFCBEDBDDDBDBBEEBBBBCCCDABFFFBFADEABACDFAFFFFBFFCADDFCEAFACAABACACCDAFABDCDAFDDDCEAABEFFCECDFEDECAEBDCFEBCFEBCEDCFBFFDFAAFFEEAAFFADDADEAFECEFFAADFEFDAAEEBAEEEACDCDECDBBAEEBDAFDAAFEDFFFACADBFACDACDEDEEFFDFFCDCCEFBDAEDBEFBFCFDEEFAAECADBBDDDBDFDAFDEBABAADEFFBBCFECEBBCCFADAFBAFBCFCCFDCFC
EBDCAEBCCEDACFFDDACACEBBEDAABFCAABBECFCFBBFCDEFEDCEFFDADFEFEBCABBBDFCFDDCBBAFBAAEDFCFEFAEBADCCAEDBDFCEFEFCCFECDADCCCFCABADFABBFABBCADCADFEFBCBBFACCCCADEEAEDBDCFEBEBEEAFBCCEDEBACDBBBCDEABBFDECCDFBAEAAACEDCEDDECFEDCAEFACEDDCDDAAEFCCEAB
BAFDDDFFBEFEADBFCDECFEDAEBEABCECAAFFADBBAEAACDAACFFADECAFACFDFFDEADABCDDFBDAFEBBFDBCDCFAAAFACEFCBDDCABCBFBEBFAADCEEDCFFCDAADBEEACADDEEDCBAFDCFCABFEAAAEDAABCBECEBADCEAADEAADFDDCCBAECBDFFCCDCCCAFEAFBFAAACBCFAEEDBDBBBEFDBDFCBEADDBDDFFCBEDEAECBCFACABEAEECFABADCDCFEFAEEAFCECFAEABBFAAEBCBFEFFEFAFFFDAAAABDAABCBECCCEDDABCCBEDFCACBFEEECCCEBDBEFEFCCACAFFECFBACECDFCFDEDEEFAEBBCABBCCEFADDAFCCEFCEDBCECDEFFDCACBCCAFCDBBEFECEDABDBBFBEABCEDBAAFBEEEECDEBBADFDFDEECFBAEFAAFCCCBBADCADFDDEEEDBAEBECEEBCCABDFFDEECBEDDAEAEEEBCBFCFFCCDABFDDAFFBECFDBDAAEECFACEDAFBDEFDFCFEBEAAFDCEEFFEFDAECDFDBFDFFBADADDEDAEFBDDBDEEDFEDBEBFDACDCAADBBBBDCACCCFABEDDDDEBBBBAEADFCCFFEDCBEDBBDDAFDFBEFADE
CFDABBADDFDCCAFBFDEBCABBCDDAFBEADFFEFBDFFBBBECEFAFADCFCADBAFBBACCECFAFFBBABBDFCCECBADBEBEDCEFEDEAEDCBBBCCAEAAFBCCEAEABDFECEDFFAFABEDEBACDBFACFCBFBEEBDDADCACDECCDCCCEDEDDEBEBFEAECCEDACCADBAACEAAABEEDEECAAFDABBEADFDDEAFDCFAFACFFAAAAEAEDBBEFAADCABFEEFEAACEEBFBAAFDBFDFAACEEEEEFAECBACAFDDBDABFFCDFACEAFCDEBBCFEFDEBAAFDEBEFEFFDFCBFBBFCDCEBBDEEDBEFCEEDDCBADDADCFCCDAFAFFFFADDAFBFCEFDBABFECADCDDFFADBABCDBFDFCADABCCAAFDEBFDBCFEFEFDACECCBEBCCBFADDECDABDBBBDFFFAEACCCDBDABFBCEBEABEDDFCEDDFEEBEAFFCAACFBBCEAFAFFCFABFACBBDFFCDAADBCCBECCDCCCEEFFCEDADBCFDEDDCBFFFECF
CFCFDBABBFFBFFEAFFAABACDBEBCAEFAAAFDAEDFAFFCCFDCEDDCBDBDFEEEAABBBECABCFCADFEBDDDAFCBEACDADCACCCFBBBFCDFCBBADFBAACFFFFFAEFEDCFCBFDCCCEEDAFDDFBAEADABAECECDDCEDCCCFAABBFDBCAFADECDDBDEDCACDCEADEEDADDDBBABEBDEBDEBCADAFCCDCCACABABDBAFDFCEFCDCFEEDACECFBCEEBADACECFBECCFACCCBEDBFCEBAAFBEAEFAACEFEDFEAADFEFDADFECBBBCEBDDAABAAACEEFCAFBFCBFABECCEBEDFAACFCCBEEFECDCCDFBBFDDFECFBEBDEDBBDBCCFEDACFFFCBFBDADEEDFBEBDAFAEDFDADBCBEBFBEDAAFAFDADECDBDFBBABFDDECEBECCDFDAAEABBBFAACCEACBBDADEECFFBFDDDFAABCFFBFCBADFCDCBEDBDCCFABCCCABCDCBDCCEDFABCCCEDEAEAEEECADCECCCFEDFFCAFBFAEEDDEFCFFFCBDFCCABBDDACAAFDBDDFDCFCBBBDEEBFCADABFFCBECDCDACBBCCECFFCFBDFDEBDCFBBBBACCBCAFCFFDCCEBEFCDEDCDADFACADDECBECFFDCEBBDBBBACBABBBEEDBDFDAFDDAAFFBCBCCFCCFBABDCFBDFEDCABABFBFACCBBBDAFBFDCCBFABBCDBAEFCFCCAEFACFDFAFFAAEEBACFFAAEBCCFAFECBBFEECABCFBAFBCFFACCFADEECCADAFFCFDBACCDBCDBECAFBAADEEECEDAFFBEEEFAAFFFDDBAACEABBDBDABDEBEEBCDADAFCFDADCDBBABFEEDECEDAADEFBA
ECCBAEBFCCCBBCEEFBDCDEBCDFCDFAAFDACCDDDADFAEFECCFBEEDCEBDEEBFFBFEDAEAABCADEFCAEFEADDFCFBCFFBEFDDFFBEECFDFBFACEABFCEFBBDCDCDBAAFDEEACEACFECCFDBDCFDFAAEFDFFFBAFDCAACDC
FDEDBDBFFEEBBCDDDDAFDCEBBCCEAEBAFDBAFCEEBDFAADCBEAEBBFBDACABDEBCFFEEFAECACFBBADFDAEDDDFFEEFFDFCCCEBECDBCECFFACFCDAEAEFDBDFCEBABCEADAECAAFDEEEBECBCDACAFECFAFBFFDCECBDAFDCAAAFDDFCDCAAADDCFAAABDFAFBBEBADFADADFBCACCAFABAADFAEBADABBFFFAFEEBDDAFFDADCDCFAAABBCDFBDBEDDCACCECFFECAAFDDCCFFFCDCCABCEDDAFAFEBCFEEFBFBBEFBECDEBBEABFEBFDDFCFBEBCAADDBBDFCACEEEBEB
BAEAFFABBEDEAACDFECBBDCFDAFFEDEBCFBFFBEEABBFAECBECEFAEEBBFFEBBEEFACBDCBFCFFECCDAFDAFBEDEDCACEABADEADBCDEAECCCBDBDBDCCCEAEBFEAEFDBFBCCFCEECDEDCDBDABAFDDEDBEBCFCEAFCEACEABEBCBAFFAEFADCEFCAABCCDAEABBEEECEAAAFDAAFFDFEBFDECADBBA
AFBFFABAEDFBADBBCBFDCABDDAFABDDECADFFEBCBEAFDAACAEEDFDEEFACBEEEFEEDCDDCDBAAFCFDCEADBACEEADCCCBFAEDBBCECFDDDEBEDFBEAADDDADBBCDFCFABEBFCCCAFBFCACADFADCAEFDAFEAADFEBCDECFFFECEDDCDBEBFFAFFDBEEABCBECBFCFBEBFCDFBADCACFEFCEFBDEFCECCFACEFEAEEBCAECCFFADEDAACABEEFABCCCAEDAEEAACCDCFFCCAEABDBCBEDAACCEEBFCBEDDCCECFEDEADAFEFDCBBEBACDCBCBCABABCFFDADBDDCDFDEABDBAADFABAEABECEDEECDBBBFFCFFCEDECBCFDFADEADACCEDAECEEDDCAEDBCBEBBEBEFFFFEBCDEBEBFAFDCBCEDDCEDFAECABEEBCDDCCCAEBBCFFDBECEFAEABFAEECEECECAEAAEEBDFBDAECEBCFACACEDABAFAEDDEFFCDFADEDECABBBAFDCBCEECABCDFBDDFBEBDBAEBBDEFADBCFCCDFCECCFBFDABBACBEFBACACCDEAFDADDAEBCCCEABBCBCDBBDFCFEBDAFDDDBFACBADFDFDBCDCADCDDBDDFFFBBACECFCEFBAFBCDCEAFABEABFDDEEFEEDFDCFAEDEABDDBDAAFDFBFECAEFDDABFFEEFEFCEDFCFBBCDAADBCCACBBAEBFDDEBABCECDDADCBBEFCABAFCBCDBFDBACBFBADBBABCFDFEECFFCCFBFCEDDFBEDEDCAFFBEBABCAEDDBCEACCDACEEEDEBCCEAACBCACCCCDDCBDCAFFCCBFBBCF