FCEDBABABFDECCBBDADFDFBCBACBAFACCFDCBAFBBCABFADFDCEDAFBCDAAAFAAEDDEBDECEBCBBDCBFEACAFECEBAEEFFBDDAEBEFABABFDECBFDEBCDBEAADFFCBCEEEFBFABCBEBDABBBBCDAFFACCBEADEAEEAFDDBEAACECBAEADECEBACBEBCDCDEBDDACFECAABFCEFCDBCDFFFFBCDBEDAFEAFDEAEFAEEFDAEABAEABBCBBAFEFCAFDFBCEBCDCCFFCBEDFDBBAAFEDAFCAEABADEEBFBECFEDBFECABFEEBEDAECFDBEADABFFEFBDFDADAECFEBEFCCBFDBFDBADCCBAFACAECACDDBFEEECBDEFCAABAABFAFBABCFEFBBEEDBAAAFEFEFAFDECBCFAEDFCFFAFFAFCAFCEAEAFCCCDDAABFDBAFEFFEAECBDAECDBFDAFAEECFCCFBFDDBFBFBDECCBCABAFC
DAEEFEFEBCFBDDFFFFACCAEBADCBEAFADBFFBBABECACADBCBDACBCBAEEDCFDFEFDDEFDDFAFEAFBBEFDEEACFEBFACCAAABCEEAEFDADCECFDEECFFBEABBEFABFFCABDDADFDDDBBFFEDEFBFFACEAEFDACCDFCDAFFDEFFACDEACEFBCFBFFECDEEAEDCCCBEDFDFADBDCADBECAEBEDFECDFFBDCDBDFFCDDAABEAABCAFFEFEEBACECCDEFFDFCACAADEDDDDCCABBCADCBCECCACFEEBBFBCFEBCCECEDADAEEBFFABCDBFDDCEBCEFDCBBEEDECAAADBABAACDAEFCCBEBFDCEECCDEDAADAEEFEDFFAACEFFAEEDADDDBADBDDCCAFFFABAECADCDBDCFAADCDCDCEDBEADFBABCFDABCBACD
FFDFCEEAEDDDEFEFDADAFFDFEBDFBBAADBEDABDCBCDECBDFABCFCFEBEFDACFBAEDEFDCADECFEDDBCCBBEFECABEEFEBAAFDEBBECFFFCBACCCAECCBFDCFCADDFAEDFDCBCCDEFBDCDCBABEBDCABADDDCADFCEFCAAFDBADFBBCBBCEECFDEEDABFCFCBDACEDDAFDEACECAAFCCADDDBBACBEBDEDBADACCCCCDCBFEABDFDBFCADBFEFDDAEBCCFAAABAAACAADDEEBEEDDDFFBEACADBDAEDEEDCBEAEEDEFABABDDEACCAABFFFFACCECECBABCDFDAEFBCEEAECEDEBBDAABEEABCABCEFFCCDADBDBFBCCEACEDAFFAADDADCDBCBCAAAAAEFBADFFBFFCCEEEFBCEADFDFDCBFFCCEBCACBEEAEAAEADDBACCDFAFFAADDECABDFBABCACEABEFDDADBEDBABCDFEEAEBACEFDBBBFDEFCFBACFCADFFEFDAFFFADFD
FDABFAACFDAFCBDDDACFFFEAABFBDABCEEBDFBEDCEAEFDEEEDEFBDDDCFFEDCDC
ADECADECCCFFADDEAAADCFCAABDDDFCBEACCCDBBCBEDEBBDFFBCFADBADDDABADCFEDAEAADDBDFACDCDFEFAACFFFBCEDAFAFBBABECBADBDCBDEABADFCCFBDDBBADBBBFFDCFACBCFFCEFFEBDECBDBFEFAEEDCEFADFFDDEEEDECBFFEEADBCDFFEEBADAEADBBFECBCECAAAABDAFAFACADEACBBBFDEBACBBDBDABFEFCDEECBBDEFBBDABDBAEFDFCBFFBFCADDFAFFDABBEABDEBDFECACBAAEBDCEDDCDCABDAFBCCABFECAFEEACECCDFBEAEFECFCDBECDC
FFEBCFEEAFCBCCBFCEBEDADCFFDDABBCDBDDFAFAFFBFDADBCCEACDBAAAEDFABBFFACAEECFEBCEBACAFBCDEEEBBCCFAAFEBFFEFAFBCEFEDAEDFDFBECBDAEDAACBDEDADCAEDBCEAADFFBBCFBEEDFDCFFABFBACEBFFDCEDABDECDAECDCBBBADDDCCACEFAEDFADECFFAEDBCDCFCDDEDEBCEFFBBEDFEEAFEDBFEADADFEDEEAFCADCCFCCBACABCBCAFDFCDBCBBEADDADEBCBADFFBBFCECCEBEFCADFABAFBADDCFEBEADCCEFDFBAECFDFFCEACEEDDDCDBEBFDCEEBFBEAEAECAEFACDBAEDAFCACADFDADAFDABADAADBDFCDBDDBADDADCADFEBBEBDEEEDECABDEFCBADFABEEEBFBBFEBDBDEFDACFBBBAADDFAABAABBBABBDAADAEFFCDDDFAEDFAAADBFEBCEAAEDFEFCBCDDBACFCBDBFACDBFDDBBFFADAEFCCFAABBDABDDEBFADBEFDDFCCBBFDFACCADAACCCDCBBEACBCECAACFCDCBDFBDEBBACBEAAFDFBFBAAFAAFDDEEFBFBDABECCDABDAFECEADFCEEBBCAFBDDEAFBADFBFFBDBACBBAAEBAEFDFABBEBFDADDADBAEBDCECEAEAADFCBAEBFAEDDDCCDEEBAEDDEBAFADBCACBEBEFBFCBBCFFFBBCAFAABCFDCCFCFAEFBBDFEFAAADDBCEEBEBEFFCEAECFBABCDDEECAFBDECBABCFFCFEDCAFFFFABAEAECFFFCEFEEDCFBAECBAADCCBABEEDCABDCBEFCEDCDFEECBCDAEEDABCEFAAABFEDDBBCFBEECEAAAFEAEBDCADEDEFCBCFDFDCCDADFBEBCDFEEDCBEDCEDACEEDDCFAFCCCCACDEDDCDEFCAECDBBCCDEEEBAFEE
FFCCCAACEFCDCCECADBFBAFBCCEEFEAFDBEBBBEFEFDFCBFBDCEDCDABADADAEFECDCDCEEEDCAAFCDBAEBEBAFAEBDBACAECEAEDBDDEFDACBFDFECFEBEBFFFBBECBFFCEECDCCCDAFEABEBCFCFAACEDBCDFBABDAEFFEBCDCCDCDAECADAEFCFFCCEBECFAFFAACFCAEDDBFFADAFDBDADEFAAAFDCECFAEDCFBAAADEECDCCBDFEEDBDBCFFAAEEFAFFACEAAACECFBACEBEBBFB
CFAFCCEAAEAFBFFEDCEFCDDBDEFEBCEBDDAFCABBBEADCBCAFAAFEFFECFFDCABDDFDCFDDBDDBFFBAAFFEDFDACCFFDDBCFAEDCECACCBBBBBCFCBCCBEAECFDACCBAACCFFEADFFECEFCDCEBCDAECCFDFDAACAFFAEBDFBBCCDAEFFCDFFEEDCFDBBBADBBCFDDEACDFDAFDFFEBAFAEACFCEBEFBCFEFBFAEAEDCAECCCBFCEABDBCDBDCDDCFFCCCECDBDEEABEDAFEBBEACDCAEFCAFBFBFECDEBBFFEEBBAABFDFECAEABCDCABEDDDEDAADECAECDBDADBBDFDAEFEDFDEBEFFBDBBEBCEBBECAAFEEFDEEEBFEFDEBABEAFDEBEABDBABBABBBFBEEBFCBBFBACBBDFDEBECCCBEACCABBEFFAEDFACEBFCCBBADEAFABEAABBDCCBDAECFCEFDDBDBBBCABFCDFECEEECDBADFDCCDFEBBCFBFEAAFEADFBCEBEAFFADEAACFFFCEEACDCFCBFBCEADBBEAEBAEDFCDECCACFDDECCECCABDFEBFCCFFFBDFCEBFDCACAFBFEBFBEEEEBBCAFFCCEAADDCCBFEDEDEBBCEFFEEEEFEEFEBABFCACEDCC
AADDFDDFBFCEDFCDBDADDDEECAFEFDBEFAAACFFFFECABCAECEABABAFAAFFDCCAFFAFDACECAACCACBDABCCBCECECADBEBBCAECDEAFCBFEBBCADCDFCDECFEDADFACEFAECEECECABDADECDFECFBCDDBCDFDAEEACDDBCDEEEDDBACEDDFDCACEDCEFFAEBCADCBCABFBFECDCECBCBEEBBBDAABEBAEEECF
CADEDBABCDBBAFACBBFEBDBADFEEFBCFCEFEBBCCFBABCADCBEEBFEAEEBAFBAAFBCBABACFBEECCBFEABCFEBBFBBDFCDBEDADFCACDEBDDAAEDBACAEDECCBABACDDEFABAECDABDBFABABDFADCEBDCEBEEBACFFCABBEDFADBBABAFCBCEECFAABFBBEFEFBEEACECCADAFCCFEABDBAEECAEBEDDFFCCDBEAAABBECCACEBEFFBEFACBBDEDCDDDBBCFBEACDBCBBEBAACFFDBFBBFADBDADEEAAFEDADDEDBCFECEDFCBCDACFCBBFBCBEBEEDFBEDDBFBADDBDFBCBDEEDCCAEBCBBEFBFDBAFFDFBBEAAEFAEFAFEBCABCFBAEABEFCBEAEAEEADDEFDDADBCCEFEBEDFADCEBFDBDDABAEDCDEFEBAEFDAAFDBBBAAFEFEBFEBEDBBCCCEEEFFBCDECFDBCCFCCCFBEEFCFBECEBDAFDCBBFDDAFEFAFDBEFFAEBDEEFECDAAFBACACEBECFBCCADFBDCEFBBBAECACDEFAFAACEECEACBAEBFAEFFACABBCECAEFBACDEAADAFCDBAECBABDDAFCAC
CAAEDADBCEFBFABBCBCAFDEDBEECEFAEAEAECDCEFBDFACFBCCDBCDFFCFEBAFCDDACEDFFDDFAFCDBCFBBACDAFFCFBBACCBFEADBEEBEDAFCCEDAECEBBEEDADDEA
ABAADFEFAEDBECAFFCCBADCCEFABFFDFBDFDACFBFEACFDFBBEDEBCEDEFAFDCACBFFBDCEDEBDFDFDBDBAAABDDEDBFBEBBCEEDCCDBBECADACDACAEBCEAEFFECECDBAFECEEECCAAFFAEBFBBDFDACDABDDECFDDEFCABEDDCACBDECBECDCFBAEDDBCBBFDEDAFEAFBFDDECCDACFDCCBAAEEFBEBBFBDBEEAEAFFECFFBBACBEECDAFDBEBCAABBDEDBFDCCECABEACBEDACABBABCFCABAABCAEECAACDFBECEABBFBDCFCACDCDFCBCBCBDBADCBCCDCDAAFBCBDBCFCFAAADBEFADFCBDEEBFCDFDCAFFDEEFCCFAFFBBFEBDDFEDBBBAEDADCBFFBEBADDBEDFAACCBBCBEBFFABFCFAFFFCDEEFBFCAFCBDCDDDACEDCBFFBFCCCEFEDACBBBDAFAAFFECFABFFDEADDABAAFDDDDFCCEADAFEEFEDFCBDCADBDFDFAFCBDDDBEEADEEBDFBEFFCECBBFCAEBFDFECFFECCFDEBFDFFADAECEAFBABDDEBAECEEBDEBDEEBBBAFDDBCEBFDDCDECEDEEBAFCDDACCBCEEBEECADDFEDFFACEBEADCABDCDEBDAFBBBBEBACFDDBBCACBADBBBABBAEEBCFEADAFBBFEBDDCBFACFEBECBFFDEDFFFDBDAEFDACDDDAABCECDDBBBDFDDBDFABFFDDCCAFEEEACEEFBFBDFFAEAACACDDAECBFCEDDCCBFEFFBAEDACEEFBBFADBACEEDFDDEADACACAADDABDEFCBEDFBBFFEFCAEEAACAEFECCACFEADFABAADAFDBDECFCBEDDDBDCDDECFCFBBACFDADCBCCACBCEDAABDABFBDECDAAFBEDADBDEBCEFDEDDDEDCFCCBDAECDAFBFBDABC
BEADEAAADEAEEFBAFFEFFBCEEECFCAFCBFCEEBABBFEDFEFEAFBCACFFECBBCEEEECFEEDCDADDADCAADDCDCBCCABCCEEEBBBCDBBEBBD
CDFFFCDFAEAEBFDFBCAFFCADADEFCCFAEAFBCACCFEDDFFBCDBCEEEABDFFFADDBBAFDDAFBFCAAEFEAEEDCFDEFBFCCCBFBFBFEEBBDEFBCBDFEFFCDBEEEAFAAFFEEECBCEEEAFFCCCBBEBEEABFEBDFBEECEFCADFFDAECBABCFEBEECFFDDEDCBDEFFAEFBEAEBDFFDEFDEAADADECDDDBDECCEAFCBFEDAEAEDDAEFECAFCAFBACBAEEADBBDCEBDFDABFFFCBFBFFEDBABCFACBBCAABEBECBBDCFEBFADCFDCDDCAADCCAACBDBDDFD
ACFCEBCFEEBBBCDDFFDFDFAECABDCAEAFFFFDAACBBBCEBDEEBBBBEABEFCCAEEAABEBDFACBBBDAFDCBDCFDCEAABFBDCEDCEFBCCBBDFADFDEBDAEFFBAFDBFDABDCFAEDADBCABFFABECDDBDEEFDDEAFEDDEEEABFEDBFDFDCBECAEBBBFFAECBABFFBEFCEECBBDEDFEEBDCFCDAEEAFEDCEAACECEFEEFAEEFBCCFFBDEFAACBACCFDDADCEFECBCECDBFFCCAFEABEECDDCCBAFDABCBBABCEEAEEFBACDBFBBCBDEDEFABFAABBFCAFECDFACFEACEDDEBEEBBDEFDADBCADFFAEAFDEBBCFDBFCBAFACBFBDBBDEDBAFCDDFCAFCFEDEDCBBBBCFCBBEFCCABABBEABDEFBDBECAACFEADADAEAAECBDCDFFDEFDBC
FCFEDBDACECADFBBABBEDFCFDADBCDCCAAFEDBCFBCECEABECDDBAEFBEDBAFFDFBFBEDBEDAEFDFAFBABAFFFBCEEAECDEBBADEBBDEDAEAFEDCAAFEBEFEDDDCFBFECADAAEFBCEEAEDBDCAABDFAEBEAACCDBBCADDEEEFFEFBFAAEAAFAACCDAECACBBFFFAAFFFFDFABAEFADDEBDADBFACCCCBBACAEFBABBDBECEEBECAFBDDEACBBAFBBEFBCFCDAACAFCDEDCBFFFCCABBCAEDBCDCDFFBEEDCEAAEECAFCCDDFDFCCCCBFCCEEFFAEDBFFACFACAAECEAEEBCBFFACACAFACCBDCFCAADBBFFACEFDBBFBFCCDBCEAFCDBDBDECAEBDDBCDBFEABBCEBBDEDECCFDCDBCBCBAFBDCACDABFBCFCFAECCFEEFCABFADDACBBFBEEDDEABACFABEABCAFBEBFAFBBBCCCCACDCBEACEFBAEDDBFBDDCFCDABAFFFEBCFFDFFEFFECBAAEFBFEDCFDCACEFDFAAADEBBEEECEBDABCFABCADFFFFCBBEDBBFEEACBBFAFFBADCACFAEAEFBBBCDFFDAADBCFCBEDAEFCCEDBBECFAECCCFDBFCACDABEFBEDAAABCCBEEEDADCFDEFDBDBAACECECBDBFFBDBCCEDCFCCAEFADBCDCDBAEDCFBBDAAAFCFFEDDFBECADDDBADEEDAAACCDEFAEFDEBEEBFCFDFDFAEAEBBCCACDEDCADEDFBDCBABEECFBDCEFCEEDEBFBFDCFBADBCECBBDECEFAFCEFACCAACABEADFABEDEEFFFEBFFBEBFECDADDFCFAFEFADECAAFDCDFEDEADBEBCCEFEEFFFDDAADEEEACF
EDCCEBEDDCACADDCCDCFFCBBFABBEFEBBAACADDDFFBFDDEFFFBFCFCACAAEFBDBADDFAACEDFABEABAFBCEECEDAAADAAFCBDAABDCACDCABBDACBBABCEBDEEFDCEFCEABCEDBFABADECFCCADDCCAEAEFEBACACAEADAACFFADCCFCDBDCFBEFBFDDEBBADEBDADAAAEFCFDADAEAAADCDBCEAFBCDDECAABBBCDBDDAADCBBDDBBFBDCBDCFBDEAFDCBEDBAFBBADECBDFDABFADCAEDDCDCDFBDAFACCFEEDFEBBCEAABAEDAADABDBCBCBBDAAEFCDDEEDDAADEFEEFEADECCFDBBFADBAEAAFDEAEDDECBFEDEBDAEEDBEBAFBFCFEECBECCFDBFABCDFBFEEECDEEACCAFDEDFACFEDDECCDCDBFBECDCFAEFAFDCFBDAEEFAAFEFBEACFEDAAFFBFFBEBCEAADDBECFBFEDAEBCBBFFEDCFDECADDECCCDCFACCECFAFFCCABAFFBFBFCBFCEFAEFEAEDCDEFBBDCBAEEEDBDBEAEAEBADFEEEBBCFADBABDFCCAAFFD
EECEEEEAFFDAFCABFDFFEFACDEFDAEBEACCBDFCADACFBBFEADCEFFEECBDFACCDAADFDBFCFDDBCBDDFDEFDFECCECACCABFFBFADDFAEEEABCEDBACAFAEADFBADBFEFDABEEDEAFCEDDADAEFFABBCECFEABDBFFECADAEBDAFADEFDBAABBADEDBBDBBEEEABADCBBEFAEDDDFBAAAAFDEBCCEABCFEBDFFDCEABECEFDBAAEBBBCFEAEDEEFFEEBECBAFFFAFBFCECEBBBEEDFCAECBECFFDCDBAFACBEFBACDDDEDAFCAAEBCCFCEBCBFDAAEEEAAECFCDEFEEFEAECEACABBADFAADFDEABAEFAFDFAFDAFCEABCBAFDACEDFFADFBCDFEBFCBFCCBFDADCECECDECCEDCFFAACFFBCDEAADCCAFDDCCAEBEBBEDDFDECFDCFEBFBDDCADFEDAAEDCCAFEADCFECCADEBDABDFDDCDBDEAAEFCAAEFBBDDFBECBADECCFBDEDFABDCCDEDDCBDABBFBACCEDCAADFCFBDDABDBBFDBFFDAADFAEBDABCDAFDFFCACFEECCBCBFBCACECCDBACEECECAABABAFBFEFDBEEAACBFADCEDDABFFFBCAAAEFCFBDCFDDEEBEDEEEFDAAECFEBFBDFAFDBDFBECCDCBAECAABFCBDCAADBAAFCBAEBCBBEBCEDACFCDEACFAFCFEFACAEAFFFBCBECBCCFFABCFEDBABCFDACCFDDFEBFDAFCDFAEFEDC
EFBFCCCBFEBBFBDBCDEEBDEACBFEDAFFAEDFBBCDEDDDFFEAABFDEACEDCAFCBEFBAACADDEFDCFFFBDCDDDDCFEBBCDEFCECAECBEDDCCAABCFBBBBEDDEDACAABDDDDCBDECCBFEBBFCADFCCEDEAEBEABEBFEACCCBBFCCAFFBDCECBACACBFBDFCDACEEDDBCDBEEAEABBFBEDDDCEECDBDABCBBABABEACACEEFEAFEBCEDFCDCBDFAFDFCEFFDFFBBBCBBCDBAFEBFCBEBCECCDCDCEBBFFFBABDDBEFFBFBCEAAABFBCCDEDEFFBFBBBDEABBCFECCEFABDAEFBCDCCCABFDEEFFBEBDEEEDCDDDFBBBFDFEFECEAACBADFEFBEAAAACBDAFBBFBEEBBCAFCFADCDDEFBEBDCFFDBDCAEFFCCCDCAABBDDEDCEDBEABFAABDFCDDEDBDBDCBDABCDEFEDDDEFEBBCBABAFDDCBEEDEDDEFDABBBEBDFEBBCFFAABFFFBECBEBDDCAABDADAABCAFBFBEFBFDCFAADBFBEFADDADADEBFFEBEEADAACAECBEFACFDEFFBEFBDDFDDFADCDEEFCDBFFDFDBEDEDEBCDAABFCDAAAACCFCFAAFAFAFAECAEDDBCBFFADCBFACAEDAFEFBDBDDBCAFFDCCFFEEDBACFFCCBEAEEFDACEABCDCCFDFBBFFFEECADDDDCCBEBBDFAEAEBDFACABDCADFFEEFBDABBCABBCFADBABFFECCEBCBCFDEDFADBBCCFDCCCFFFACEBBBDBFDABFBCFECBFEDAE
CBEADBEFEFBDCCDBEEAFDCEDCAAEBBFEBCEFBAEFFCEBCCBBCCACCFFDCEDFAFABFCCBCDBFDAEACDEAAABEDEBEEBEBBDBDACFCEFDFEFFAFEEADBAABAECEFECBDBEFCFBBBEBCEDEEACDACFAAFCFAFEEBEABDBCFCEACFEEBCECECABEEECAFFFFEEECFBBFABBBBFEADCBFFDAEABEDCFCCEBDFADBEEADDCACECAFAADBCFDFDDEFFBEAFCADBDCBDFACCBEBFABAABECDBCBAEFEDFAFAEAECFEEABEDABCBDDCDEAFEDDECDABFBDFEFEDBDFAADFDCCABECABAFECAECAEEDCABFFFFDEDFCCBBEBEBEEEAFDAFCECFFFCDFECBAFDFDAEDBFCEAAAAFBFADBDDBCEEAECFBFBBDFCACEFBEABEAFDFDFACABACFADDFBCCDDDCECDACFECEDFBFDDAACAFCFFAAFEBEDADADEADCFEEAEEBBAEBFBBDBEBADBBABCFBAEAABCABEDCFDDCAACDDFDFACAFABACBDEDAFABCDACFEBCADCECCBBFAFEFBCEBBDDBFAFADBDBDDABEEADEDEEADBEADEEADFEEFFDBCFFBCBACDFDEAADFEFEEDCCBFFBFAEABDEDDCBADBFBDCAFBEFACBADDDAAACCBFFBADEDEBBFCFEEAEFEBFACFFAFABADFFCADCECBBBBFBDFFCBDAAEEDEEDCBDFBCDACDDEAEDAFDCBEACFDFCFCCFAEFEDFAEAFAFBFCBDEACBAFFABFEDEFEEEFBDAADCFBDCDABAAECFCDBFDDFFDBBDBBFCADFACECCF
EBEAFADDADEDACFDBEFDAEEAFAFCCDCDDFDBEBAEECFFDFBEBDAAFEAEEBDBFEDCBCEACADFEBADEADECABFAEDFCDCCFCDCCCAADFFEEFAEFAABAADAACCEDEBCDCFBCACFCAFBAFFDDAFBFCCFCAFFCEFEADEBDECDAFBEBFAEACACCEDCBBDCBDDCAEEFADAFDBADDEFADDBAECBFDCDDFEBEBAAEBABECDDCECEDBBADCFBCBBBCCAEBBCCBCEBBEEEFEECBAFBAACBCDCBCFBDDAAAEDBBCADDEBECDEECACBEEAFCBDECCBDEDBDDBAABBACDECDDCFFABCCDDEEFFFEBBEDFDCCFDFEBEBAEECCEAFEDEBDEDBAAECBFEFFAFAFBCDCEAACBCAFDEBCCBBFEECFCBBEABACBBECEDABFBDDBBCADEFFAEDBFBFEABFFEFEEDFCBADCFBCBBCBEFEFBDCFDBBAAFFCFDEEFFAFBFACCBEADBACEFEEFBDABEADBAEBEDDDAFDECFABEFBBAFEECCBFBAFFDCBCEDFDBAFAEEDEBCFCFDFBFD
DFDBAACDBADBCEDACFBAEEBCADFBEEAFDBAABFFBBCECAEBCBBBBCECEFD
CFFBDECCFFEFFDCFFAFDDDBDFBCFDDFABECBCACCADFEBEEADCCAFCDDCAFFAFAFDADAFDFEEDDCACFEBFDFADBAECCCEFFCEADCAACCDFBBFABDBCFCDDCDDFDEEBCFDACCABAEACFDFFEAEBBBDADAABCBFEEEAEFCEEDBDEBAEACFADFAEECDDCAFAFBFCBBBCEABBEFCCEEECCCEBEFEAAFECBECFCFFDFBDFFDABCAFABCEFFABAABADDAFAACDACFFFDADDDBACDAFCCBCDCFEEEEBDAAABBFFDAFADABACBEDBDCDAAEEBBEBAEBBFEABBDAECAACFADADBCCBEFADCDDCAFFCCDBEDFFEFDACDFFEFACFAAADBCBFDDABBCEFFCFBEFBCBFFDBECCEFFECCABADCAEBFADDEFBCAECEFADACBEADFCCAACDDCFCCAFFFAFDBDFDCADEAACFEACABADDABCFEAFAEBAAFACCEDCBCFAAEBFBCDDCEDCAACFABBEBEFACFEAEFABDBDBAAFDFDDBBFBBECEDCCAECCBBEDDBEDBDEFAAFFFEEEBAABAACAEBADCACEDDCCFECCEECEEACBECBFAFDFCADDBFACCDEBEFAFEAFBFEEEBCDBABBEAFAAACFBAADCFBDDBDCBDCDEAACCBEFFCBFDCDDBEACDBEEEACBEAEDEAEFFFCBADABEEAFDBEEBFCEDEBFDDAFCCCFFFCDCBCBFDAACADFFDABEDFECAFCABDAECDDBEEBDCAABBFEFAADDDEAEACECBFECBBEEACCDEAEFBBBDFAFCCABDAEDBCACDABEFAFCFEFAACAEEFEEAAFFDCBEBBDEDEAADCDDCBCBBDAADEFFAFADFECCCBABBCECBCBBAFFFFFFCACBEEEFDFBFBCCDEBFAFAFBCDDDDFFEFAABBAFFBAADCCDEFFBDEFEEDBC
EEFFFFFDAACBDCDDFADFDBDDDFFEEEAAFEBBEEFEDBCEAFBEEFADEBBDDBFBBBABAFBFFDBADEDCEDADABACBAABECADEFBBDDDDCBCFDDFDAFDAECFBFAECBFADEDBCABAFADBDEDFCCAADDDDCCFBAADCEDBDFAFDADBCCECEFCAFDDFEBFDEAABABDDBDEFBDEEAEFFCFADFBCEFEDCDBAFFA
CDBCDEFCFBEDAEDFBDFCFEDACDFEBAEACDCFFDBAEEFCCDBECDBDDEACEDBCEFAFDFADCABFAFFFFBADBEACACABFDEEFEAABFBACFCEACEDAEBEFABBBCBFCCBDFAFADBAAAFBFFEDFABBDBBFCDADDCDCECAEFFCFBDFAFCBAEBFDBCACDDBFAFBDFDECEFEDEEDEEEEDDCFDECABDBDEAADDFABDEBAAEDBCFDCFAFABFDBBAABBBFBEDADCBEEDADDDDCCCDCCDCBAFEDBAEBEACBFEDBDCBEAFFADBEDBEEEAFEABBEEADEFEACADAACEFEFADECAAAEBDDDDBBDCAEFACDEDCDAADDBA
CCCEFAEAFDDEAEEBCBDECAEAECBFBFAADDBFDFEBFABACDCBDBFEBBEBDAFABFDFAAFADBDACFCDADEAAFEEEBACEBAAAFFAFDACFBBDFCAAADCDFDCDEADBFCEDEDFBAFFCFDFEAFECDBCECFFFEBBDDCFEAEABDCEFCDEABDAFFDFCBFEEDCCCAEECBFBAAACBDEDCDFDDBBADADBBAAEAABDAECDBCAEADADECAEFCEACBBFBEFBCCCAAAFBCEBAEDEBBAEFABECCBFAFEECCDDFDEADFEFCCBABABDD
BEFCDAAEDEABEAFEBFCDDBDDBCDEECBCBCEBBEADCBEAFFDACFFDDDDCFACCFEECAABACBEAAFBFBBBADFFAAEEDBADBCABFCDFEDEAEECDEACDEDEBCFEACACEAFBFDCDAFCAFBAFFECDFBFDDBBCFCDEACBFDFEADEBEBCDDFDDBFCFEEBDABCCDFFFDAEBDACCEFEBBDCCBCDFDDFAACCBAEFDECECFFAEBEDEFEDDFAAEEDEDFEFCFCDEDECCBAABABEBDFCFCAFFBCDDFFCDFEABEBBCADDFDFCBEDABCDBECCEADAFFDAFECDECBEACBECBCBEECCCEAEFAEFEFEFDCCDBDECCEEBCFEADFBCFCDAFCDDACAFFFDAFFFBFCDDBFADDEFBFABBDABDAFBBEFACBAFDBBDEEEBDFAAADBDDEBBACECFABABEEAFECECBDBDCBADFBEEAADBAAEABDBFEDDEFAFBABAADDEBDEAFEBABFFEFDBFAFFBDCDCDEBDEFCEBDADFEEAABCBDECABACCFDEBFBDCAACADDDECBBCCFDCDADFFFFDCBFADBBCDEEDBCDBEFCBCFAADDBBBDCBBDACFFDBCEFFCDAFFBCFACDFCDBADEDCDBADAEBEFDDECFDACDFBDCBFFCAAEABCCADDBAAEBEACFBDFCCDBAADEFABFBFEFECAFADAEBCACEBEEDCBFDDEECEABBABDDACACCFCDFEDDCCAEBDAAEAECDECFDFEBFFDCDBAABFCCEEBBCAFBACBDAAFEDABCFBBCFCDEDAFCCCABCBBABCCDFDCBADACCFAEABCFFBADDFBEBEBEDFABDDBBAEFF
EFDFFFDBBFDEAEBECBBAAEAEDFABEAFBBACAFEBFDAFAAAECFBFECCBBCDBCCABBCBECFACDAEFAAAAADFBBFACABCDAFADCECBADFAEEEBAEAECBCEFEFECAFACBBCCFCADAADBDFAFBCCDCAFCEFAFDBECBEFFCBFCBCCDBDDBEAAEFBBCDEAAAAEEFDBCDDEDCDDEBADDAECCADCFDEBDACADECAEFFCDAABFCBECECCDADCAAACFCAFFFDDAEEFDBADDCAFCFAECFABECBCBAEBACDBAECFFDFAFEBEEBCEEBFFABEEAAADEFCCBBEBFDDCEC
EEBCABBCDBFBBAEFEECCCCEDFBBDDFADCEEAAFBCCECAFBEADBCECFECCAEAAEFBCBFBAACEBBABCCEEAACFBEBEFCAABFCDBBEFCBCADBAECEDECAEAFDCDFEEEAECBEBCCBCCDEDDBFFABADEBEEEDEDFFCFDECDDBAEBEABEABFBEBDDFBEFDDCAFFDCFFBFBDAFEDCDACBFADDCDFEBFAFEDAAEDFEADBCAAFEFBAEACBBEFCADCEEAEAACBCAEFFAABBBCADDBFBDDFEBCCBEDBCCCBEBEDAAEADABCACACCFDEEDDCDADEDFBEEAEFBBDBFDCBBADABCBDAAEAAEDDCDACDFEACCCADFBADCABFADFFAFDFABACDEFECFDCFACDDAFBFAACFFFCDCBEBFCDFAEBFDBDBEBCFBBBFDEDFAACFFFBFEDCBCAEDFACBDFAEAADEAEEAACAEEBAEEAAEDAEDACFFBADBCEDDBBECACACDEEEFFBEEDEDEBECFEDDEEEDEFEFECCFBBAA
AFAFECEBADADFFEEDAEFDADAAFEDEDCCCEECCBAECBAEEEFDAEEDDBCFCDCEFFBDAECCAEFCEAFBCFCFDCAEDADACEACDBADDBDFDC
ADCBCFDACCCABCBECEEBBFFBBEFAFFBEAADACDCEDCEBCBFAFEECCFFBBFBEFECEAFBDCDCBBFEDEDAACCBDAFEBDEBEFEBFBDCCBAF
DEBEDACEACFCCCAACAFABDDFBBBBADADBAFDADEABACCFFCFCDADEEDBEABAFEDEEEADCBCFADCEEECFFEEBEACABCFFBCFFFECAACAFEDDCBADBABFEBECCFAFBDEFBDEEECCBCEAFBFFAABECDDEAFEEFBCDEAFEECEEBFCDBCEBCDCDFBFAFEEACBAACDFDEAEBDCDBCCEDEBFADFECADEADBBCFFABACDFACDBBDEDDFFAAACDFFEEFDABDCFCCACDEEBCADACAADDACFFBEDDFCECBDACFCFEBEAACEAFEAABCEDCCADDFEBAEEFACDDFDACCCCBCEDBEEACBABEBECFBCCAAABDBCDEAFFFDEDCCFECCACFDAECCEBFBDECEAAFEFDCABEFCBEDCADCEABEBDCBDABDBADDBFDCFEBCFABFEBDFBEDCCFBDEADADFEEABBABDBBAAEEEDBEFDDDFEDCECBFAAFDACAFDBFDBECDACADECDAAEDFCCFBFFAECFADEABDCFFAAFDEEBFEBDDFEDADBBAFABADCBBEFEBCECCCCCCDBBBAECAAACAEFFCCECAAFDBBBCAADCECEEFAAECEEADBFFDFEAEBBBAADABBAAD
DCFCDCADDEAEBEAFBEDADDCDFFAEEBDFBECCBFBFFECEFFFADFAAAFBDDFEACEFBABCAEBEDDDDADEFBDAEECDDDEEEEEEFCDBEDCEEDDFFCADCEDDCAFEFDBCEBECFFAFFBFEABBCFCEFDCDBCEFAAEAFBAFCFFDCECAABECDCBABAACCBFFCDFEACDCABEDDFCAFFCDBFECCDBEEECCFCDEFDBEEFAFDBAEAFCEBAAEFBDFACBDACCEDFAEBEEDAFBFFCFBCACACDFFCEBDCBBEDAFABFCABADEDFBFDBACABEDEACCEEDFDFFEDDCCFFEBEEDECCAFEFFEEBEBEEFBACFBFEACDDDBCAAECBACCFDBEDCDFADDEEDDDBEBDBBBDCFACFEDBDCEBBACECBFEEEBAACCBEECAAEABAEDAAFAABACFBCCFCACBBCEFAFBBCAABFAFFCBBCDEBCBAEBDBDAEBDDDEACFEBECCECDFBCDEEEDEDEDFEFFBEDECEFFDEFCECFCFFBEFBCFBABBDCCFADEFCADDDCAAAFAAABDCCBCDADBFCEBFADEEDCCEBCEADEAABACFDBBDEBDBDCCABFCBBACEFCFECEDBDAFCDBBFBEBAEDEAEDDBCEACEFEFFCBFCEABCDFABFFFAFADACECDFDECEFEFFEADBAFFBBFDCBFFEECCAADFFCBDEBDCDBDBCBABACDFAEACBCDBACEDCCADECDCECFCCFCDDFFCFEBBECCBFDFBFFCABDDEBFDDBDCDBCACECCEBCFBECDEDEACCEEDDFEAACDFBFAEEEDBBEDCCAFCEACCCDEFEBACBBAFEACBEDACABBFEFBABEEFAECEBBEEAAACAABBADADDEECBCAEAACBDBEACFEACDBBCFBCDECBDEFCFAFBFEDCFFCACD
DCDADCEACADFFBADBEDFBFBCCDBCDCFFBDCBDBBABABABCDCBEABAEADBFFFCEFEBADECCCEEFCFDBCBCADAADEACDDCFFEEEFDFCBBADECDADFBBDCCFCABEBAAADEBEBAEDDDEDAACBFDBEEBDEDCCDEFFCCDAECCBACFAEBCDDDEFABCCFADDCCDABEFDDFCAEECEFFAFEDCBABAFCCDFBEEACBEFCAFCEADBDAADCEEFEBBDCAFBDBFECAFADAFDFEEFCCFFFCBDFDEBBBDBCDEFDEBCBBCBBBBCFCFAAEECDABBFACDFBDAEBFCBBBDFCDFAEBEFAEDDFEAEDCAEEEAAFBDFABBEEDBEFFFEECCEEDDECEADAFEECECCEFECDDAFFFEBABEDCAFEFCAAEFEDCBCDFBFCAEEFDBCFACAFFABEEACFCEECCCAAFDBCBCBDDBEDDEEBCAADCDAFAFEDCFDACCEEFBECDACDAABABCABFBBFCDABFDADDAFAFCBEEEDBAACCCAEDCBFDBFDDBADADFBCEAEBBCCBAECCAAAFFBAFCAFDDDEBBFDAFDCCAAEAADCDCCAFECEDAFAABEFDEDBBEBAEBEFEDECFBBF
AEABADFDFDEFCAFCFDFCBEAAADDDACCDAECFFFAAFFBDAFDAECCBFBEDDADFFCDAEBEFFDCCCADAFACEFBAFBDFADCEBACFEDDDEBEFEACFBCBABDBDFCFFCCBEBDDFCACBBCEEAEDFCACBADCBFEEEBFACBCBDEECDECCBBEDAEFCBDDFFBAFFEFCCFACCFACBDEEFDCBBCBCBECEBDCADBDBD
ADFDBBCCAEDDFEACBCCAFDEBECCBEDCFFEEEEEDDFCDDFFDEDABBCFECCDCACEDDECAFADBCBFFACCCCDDFFBEFAAAAFEBCBBFCADACBEBFCFDEEDBFAFFFBAEFFEFBEBDEDAACEDADACAEDDCDDCBEFEBEDFDCBCCEDBDEDEBCEBAECDABACDCBCEFBBABFFCFFDEBDCBCBDBEBBECFEACCFDEDDDEACFECDACFADCBBEBECDFFCBAFEDAFBBADBABEBABFEECDDAACCFDCABDBBFDAFBAFEAFFBAFCFCDCFDACCCFEDEDEAFFFDFBEDCDBBEAFBACFAAFCCDECDABCFEDDEEFCCBFEFFFDCBDEAFEECEEFCDBFFDFABBBFCDACEBAFCBCDBADAACEAEEBCBBEDBAABFECADDCEDAEFBDBAFCEFADBEEDAFFEBDAEDFBACABDCCECDABEAEABCFEFFAFBEAEEDFBBAFACAACAAEBDBBCAEEAAFCACEFBBDACDFCAAFDDAFDFCADECEEFAEFCDFEAFFFBECBCDAEDCEBADAEAAFACCFFEDBEEBDEFAFAFBDCEFCADECDFECDDAEFCDEDCBFFAEFFCABCEACBCDEFFBECCDFEDAEBCFBACBABFCAEEEBFFEEADCBBECFEEEBDBDCFADEFBBAADFDFAFADACFACAFDBFAEEDEFEDEFBBCDDBCEEDBCBBCDBDCEFDFDDBDEEEABDCAECDEADCABEAFFCEDDEADCFAAEACBADABCFAFABCEACCBCAFFDBBCFAECCFDEDFAACDBFEDDFBFFFCABEDFCBECCDAECFDCBBCCCEFCBFBACAEFBDBFACFDCFFBEDBFCCFCEBBBBEBAEFC
ADECEFCEBEAABACADDAABBDDCABAFDFFECFFFCCDCBBDABBAEBCFEBCCFCBEACDFFCAFECAACCBCFBDCBCEADDCAAFFFACEADAFACBDFDCCBECCBCDBFDCCBCFFFBEADEBEBCCFFFAFAFBFBADFCBCDCFCDAADBDCEACFAACCBAEFBFDEFFBCBEEBFFEACBAFFCCDEDBFFEEAECBFCBACEACEEFCFFABDFBDEFFCABBDDDDEDEBEFBFDECACDDFCEAADFADCEBBEEADAFADDFFECDCBFDBFECFDAECABCFDDCDEEEEAAFBABBFFBEADBECDFAEAEDFBAEEEBBFBECDECACCFDBFBAADFFBDAEBFBFFCAFEABDBEDBADAAEDEDBADEADDDBFECDBECBBDCECFAAEBDEEABAEDDDCACDCBFBBBDFEFEFCDBDBEACFDCFFACDAECFCFECAAEFADFBBCABFDCABFACBACCFCBDBEFBCCFBACDECFFDECECAF
DBEBCCDEACDDECBBFEFDDFACBFACCFEDDCCCBFBDBAEAFDBBFEFFEFBDFDCBDACBCEADFFEDFBAADEEFBCDEACADCAFBAAFBAFDBBDCBFBAAEABEEAADDAEAFBEECCDFBFDBCCBCFACDDEDCEEEFEFDAFFDFCBBFCDBEEADDFDBDCBFBDCACBCEFABEBFBFEBBCDCBBEEAEDCAADDFECCABFEFABEEDFBCAAFBECFAFBFEEEBACABFBDCFBBACFFAAFADDEEADCFBEBBAFCEEADBEDEAAFCDFBCEEDFEDBFFFBAEAFBFAFEAFEEDCAFCCCDEBFBBCDEFFBDECEFCCEDAAEFCFEADBCFAECEACBCCBBDCAFDCDCCDECEDDEEDBABEFFEEBBCFCBEBFAEEAAACDACBEDFCACECEFFECBABCDBBEDDBAECFEEBEDAADFCFDFEFEDDCDBDFAACDAFFDCCACEDDDACEBCADCCCDBFBAAAEADEFADECCDDBFD
BAFEABBAFAFADDBDBDECFBBBEBCFFCBFACAEDFDFEDAFFFBFAEEEECDAFBCFFCDADDCBDFBFBAFBAAFABCDBECFDCDDFCAABAFBFFBDBFCDADEDFDCCBDFADADDBCCCFECBECBDEBCCDDFFBCAABFFFFAACDBFABCFFDCDBAEFCEDBEFFDBBFDCEFEFADEDFCCABEBDEBBABCFBEDFCCEBEEAEBDBDEADCEFCDCCAEBABDEDFACCDDCEDFEFBBFDFFFADABBDCAAFFBBDBAADEACAEFDFCCDABEEEEDDAEEFFDDCDBDCEEFAABBEACDBEECCDCCDFAABAAAABBFDAEABBEDFCBCBBDBBAEABEBADFEAFDFAFBBBEDAACEDACFBCDDCEBCAEBAFCEDCEFFFDFFBECBFCEBBFAEBDEAAEEBDCCFEEEBBDDEADEEAEEDEFBFCAEDAFFABFBCEFEBBAFACDCADCECBDCABCBCECFBFCBFCECBFEFCACCDBEADCCCDBDBACBACDEBBAAFAFEDCCEEBEEBBFDDDEEDAABADBCCFCCCBDFFCAEBDDAFACBFFDFADFFCADEAAACFDADAEDCCBFBDEECBBBDADEACAEDBBBDBDAEECEDCFECDDAAFECEDBFCFBDEBBFFFDCEDCACCBAEAFABDAABBBBECADDBFBAEACFDFEEDDAEECBADEDADACDCEEBBFCCDCAEDABFDDFBEDFDDEEDEDCAEEDEEABCEAABDCBABACEBFDBABFADFFCBDAABADFBBDBEDEACBACABAFFFDFEADADBDDBFAABEBBBCACCFDBBBBFEBDAFFCFDECCAECCFDDDFBE
BEFACEABCFEBDDADBEBFDFFFDCDCAEDFDBDFFBCCBAFFBBEDDEEBFAFCEBFEEFFBFBBFACFFDCFECEBBFADCDCBFFAABEEEFABEADADEBAFEDCEDCBABABDDBDEFFECCAADEACABECEEDCCEEAAFFEDECEFEECECFBEABAFEBDDACECCACFEABEABDECDDFBDEDDBCECDDDCCCEDE